'clear' não é reconhecido como um comando interno
ou externo, um programa operável ou um arquivo em lotes.
00:03.781  blend            | Read blend: "F:\Alice\Deliverables\Alice_Variants\alice_chapeleiro\foundation_shared_rig_v094\chapeleiro_shared_rig_ivory_response.blend"
importing .addon
importing .ui
importing .simulation
importing .addon
importing .ui
importing .simulation
Info: Read library: 'F:\Alice\Deliverables\Alice_Variants\alice_chapeleiro\foundation_shared_rig_v094\alice-vestido-chapeleiro.blend', '//alice-vestido-chapeleiro.blend', parent '<direct>'
ACTUAL_SEWN_CLOTH_FRAME 1 29 7.95
ACTUAL_SEWN_CLOTH_FRAME 2 29 13.09
ACTUAL_SEWN_CLOTH_FRAME 3 29 18.16
ACTUAL_SEWN_CLOTH_FRAME 4 29 23.48
ACTUAL_SEWN_CLOTH_FRAME 5 29 28.94
ACTUAL_SEWN_CLOTH_FRAME 6 29 34.71
ACTUAL_SEWN_CLOTH_FRAME 7 29 40.75
ACTUAL_SEWN_CLOTH_FRAME 8 29 46.86
ACTUAL_SEWN_CLOTH_FRAME 9 29 52.99
ACTUAL_SEWN_CLOTH_FRAME 10 29 59.31
ACTUAL_SEWN_CLOTH_FRAME 11 29 65.91
ACTUAL_SEWN_CLOTH_FRAME 12 29 72.5
ACTUAL_SEWN_CLOTH_FRAME 13 29 79.26
ACTUAL_SEWN_CLOTH_FRAME 14 29 86.24
ACTUAL_SEWN_CLOTH_FRAME 15 29 93.16
ACTUAL_SEWN_CLOTH_FRAME 16 29 100.61
ACTUAL_SEWN_CLOTH_FRAME 17 29 107.79
ACTUAL_SEWN_CLOTH_FRAME 18 29 115.28
ACTUAL_SEWN_CLOTH_FRAME 19 29 124.29
ACTUAL_SEWN_CLOTH_FRAME 20 29 135.26
ACTUAL_SEWN_CLOTH_FRAME 21 29 149.05
ACTUAL_SEWN_CLOTH_FRAME 22 29 164.0
ACTUAL_SEWN_CLOTH_FRAME 23 29 179.7
ACTUAL_SEWN_CLOTH_FRAME 24 29 195.38
ACTUAL_SEWN_CLOTH_FRAME 25 29 210.03
ACTUAL_SEWN_CLOTH_FRAME 26 29 223.72
ACTUAL_SEWN_CLOTH_FRAME 27 29 237.56
ACTUAL_SEWN_CLOTH_FRAME 28 29 251.03
ACTUAL_SEWN_CLOTH_FRAME 29 29 263.96
ACTUAL_SEWN_PETTICOATS_SAVED 29
Blender 5.2.1 LTS (hash 9e2066aef7ef built 2026-08-25 02:38:20)

Blender quit
