'clear' não é reconhecido como um comando interno
ou externo, um programa operável ou um arquivo em lotes.
00:09.547  blend            | Read blend: "F:\Alice\Deliverables\Alice_Variants\alice_chapeleiro\foundation_shared_rig_v095\chapeleiro_shared_rig_bloomer_waist.blend"
importing .addon
importing .ui
importing .simulation
importing .addon
importing .ui
importing .simulation
Info: Read library: 'F:\Alice\Deliverables\Alice_Variants\alice_chapeleiro\foundation_shared_rig_v094\alice-vestido-chapeleiro.blend', '//..\foundation_shared_rig_v094\alice-vestido-chapeleiro.blend', parent '<direct>'
ACTUAL_DYNAMIC_CLEARANCE 1 29 25.25
ACTUAL_DYNAMIC_CLEARANCE 2 29 36.05
ACTUAL_DYNAMIC_CLEARANCE 3 29 41.57
ACTUAL_DYNAMIC_CLEARANCE 4 29 47.11
ACTUAL_DYNAMIC_CLEARANCE 5 29 52.8
ACTUAL_DYNAMIC_CLEARANCE 6 29 58.91
ACTUAL_DYNAMIC_CLEARANCE 7 29 62.3
ACTUAL_DYNAMIC_CLEARANCE 8 29 66.43
ACTUAL_DYNAMIC_CLEARANCE 9 29 69.57
ACTUAL_DYNAMIC_CLEARANCE 10 29 74.03
ACTUAL_DYNAMIC_CLEARANCE 11 29 78.55
ACTUAL_DYNAMIC_CLEARANCE 12 29 82.91
ACTUAL_DYNAMIC_CLEARANCE 13 29 86.97
ACTUAL_DYNAMIC_CLEARANCE 14 29 90.7
ACTUAL_DYNAMIC_CLEARANCE 15 29 93.65
ACTUAL_DYNAMIC_CLEARANCE 16 29 98.19
ACTUAL_DYNAMIC_CLEARANCE 17 29 102.26
ACTUAL_DYNAMIC_CLEARANCE 18 29 106.39
ACTUAL_DYNAMIC_CLEARANCE 19 29 110.08
ACTUAL_DYNAMIC_CLEARANCE 20 29 113.61
ACTUAL_DYNAMIC_CLEARANCE 21 29 117.01
ACTUAL_DYNAMIC_CLEARANCE 22 29 120.44
ACTUAL_DYNAMIC_CLEARANCE 23 29 125.21
ACTUAL_DYNAMIC_CLEARANCE 24 29 129.59
ACTUAL_DYNAMIC_CLEARANCE 25 29 134.3
ACTUAL_DYNAMIC_CLEARANCE 26 29 139.75
ACTUAL_DYNAMIC_CLEARANCE 27 29 144.4
ACTUAL_DYNAMIC_CLEARANCE 28 29 147.82
ACTUAL_DYNAMIC_CLEARANCE 29 29 151.03
ACTUAL_DYNAMIC_CLEARANCE_SAVED
Blender 5.2.1 LTS (hash 9e2066aef7ef built 2026-08-25 02:38:20)

Blender quit
