'clear' não é reconhecido como um comando interno
ou externo, um programa operável ou um arquivo em lotes.
00:07.625  blend            | Read blend: "F:\Alice\Deliverables\Alice_Variants\alice_chapeleiro\foundation_shared_rig_v095\chapeleiro_shared_rig_bloomer_waist.blend"
importing .addon
importing .ui
importing .simulation
importing .addon
importing .ui
importing .simulation
Info: Read library: 'F:\Alice\Deliverables\Alice_Variants\alice_chapeleiro\foundation_shared_rig_v094\alice-vestido-chapeleiro.blend', '//..\foundation_shared_rig_v094\alice-vestido-chapeleiro.blend', parent '<direct>'
INFO Draco is available, use library at F:\Programas\5.2\scripts\addons_core\io_scene_gltf2\bf_intern_draco_bridge.dll
INFO MeshOptimizer is available, use library at F:\Programas\5.2\scripts\addons_core\io_scene_gltf2\bf_intern_meshopt_bridge.dll
12:04:53 | INFO: Starting glTF 2.0 export
12:04:53 | WARNING: Armature must be the parent of skinned meshArmature is selected by its name, but may be false in case of instances
12:04:53 | WARNING: Armature must be the parent of skinned meshArmature is selected by its name, but may be false in case of instances
12:04:53 | WARNING: Armature must be the parent of skinned meshArmature is selected by its name, but may be false in case of instances
12:04:53 | WARNING: Armature must be the parent of skinned meshArmature is selected by its name, but may be false in case of instances
12:04:53 | WARNING: Armature must be the parent of skinned meshArmature is selected by its name, but may be false in case of instances
12:04:53 | WARNING: Armature must be the parent of skinned meshArmature is selected by its name, but may be false in case of instances
12:04:53 | WARNING: Armature must be the parent of skinned meshArmature is selected by its name, but may be false in case of instances
12:04:53 | WARNING: Armature must be the parent of skinned meshArmature is selected by its name, but may be false in case of instances
12:04:53 | WARNING: Armature must be the parent of skinned meshArmature is selected by its name, but may be false in case of instances
12:04:53 | WARNING: Armature must be the parent of skinned meshArmature is selected by its name, but may be false in case of instances
12:04:53 | WARNING: Armature must be the parent of skinned meshArmature is selected by its name, but may be false in case of instances
12:04:53 | WARNING: Armature must be the parent of skinned meshArmature is selected by its name, but may be false in case of instances
12:04:53 | WARNING: Armature must be the parent of skinned meshArmature is selected by its name, but may be false in case of instances
12:04:53 | WARNING: Armature must be the parent of skinned meshArmature is selected by its name, but may be false in case of instances
12:04:53 | INFO: Extracting primitive: 01 / black floral lace tier 1 / real apertures.001
12:04:55 | INFO: Primitives created: 1
12:04:55 | INFO: Extracting primitive: 01 / black floral lace tier 2 / real apertures.001
12:04:57 | INFO: Primitives created: 1
12:04:57 | INFO: Extracting primitive: 01 / black floral lace tier 3 / real apertures.001
12:04:58 | INFO: Primitives created: 1
12:04:58 | INFO: Extracting primitive: 01 / black gathered flounce 1.001
12:04:59 | INFO: Primitives created: 1
12:04:59 | INFO: Extracting primitive: 01 / black gathered flounce 2.001
12:04:59 | INFO: Primitives created: 1
12:04:59 | INFO: Extracting primitive: 01 / black gathered flounce 3.001
12:04:59 | INFO: Primitives created: 1
12:04:59 | INFO: Extracting primitive: 01 / black petticoat continuous waist support.001
12:05:00 | INFO: Primitives created: 1
12:05:00 | INFO: Extracting primitive: 01 / bloomers / continuous waist and sewn crotch.003
12:05:00 | INFO: Primitives created: 1
12:05:00 | INFO: Extracting primitive: 01 / bloomers / front placket seam 1.002
12:05:00 | INFO: Primitives created: 1
12:05:00 | INFO: Extracting primitive: 01 / bloomers / front placket seam -1.002
12:05:00 | INFO: Primitives created: 1
12:05:00 | INFO: Extracting primitive: 01 / bloomers / gathered waist elastic casing.002
12:05:00 | INFO: Primitives created: 1
12:05:00 | INFO: Extracting primitive: 01 / bloomers / sewn ivory button 0.002
12:05:00 | INFO: Primitives created: 1
12:05:00 | INFO: Extracting primitive: 01 / bloomers / sewn ivory button 1.002
12:05:00 | INFO: Primitives created: 1
12:05:00 | INFO: Extracting primitive: 01 / bloomers / sewn ivory button 2.002
12:05:00 | INFO: Primitives created: 1
12:05:00 | INFO: Extracting primitive: 01 / bloomers / sewn ivory button 3.002
12:05:00 | INFO: Primitives created: 1
12:05:00 | INFO: Extracting primitive: 01 / bloomers / sewn ivory button 4.002
12:05:00 | INFO: Primitives created: 1
12:05:00 | INFO: Extracting primitive: 01 / blouse aged brass key ornament 0.001
12:05:00 | INFO: Primitives created: 1
12:05:00 | INFO: Extracting primitive: 01 / blouse aged brass key ornament 1.001
12:05:00 | INFO: Primitives created: 1
12:05:00 | INFO: Extracting primitive: 01 / blouse aged brass key ornament 2.001
12:05:00 | INFO: Primitives created: 1
12:05:00 | INFO: Extracting primitive: 01 / blouse aged brass key ornament 3.001
12:05:00 | INFO: Primitives created: 1
12:05:00 | INFO: Extracting primitive: 01 / blouse center placket rail 1.001
12:05:00 | INFO: Primitives created: 1
12:05:00 | INFO: Extracting primitive: 01 / blouse center placket rail -1.001
12:05:00 | INFO: Primitives created: 1
12:05:00 | INFO: Extracting primitive: 01 / blouse center sewn button 0.001
12:05:00 | INFO: Primitives created: 1
12:05:00 | INFO: Extracting primitive: 01 / blouse center sewn button 1.001
12:05:00 | INFO: Primitives created: 1
12:05:00 | INFO: Extracting primitive: 01 / blouse center sewn button 2.001
12:05:00 | INFO: Primitives created: 1
12:05:00 | INFO: Extracting primitive: 01 / brass busk catch 0.001
12:05:00 | INFO: Primitives created: 1
12:05:00 | INFO: Extracting primitive: 01 / brass busk catch 1.001
12:05:00 | INFO: Primitives created: 1
12:05:00 | INFO: Extracting primitive: 01 / brass busk catch 2.001
12:05:00 | INFO: Primitives created: 1
12:05:00 | INFO: Extracting primitive: 01 / brass busk catch 3.001
12:05:00 | INFO: Primitives created: 1
12:05:00 | INFO: Extracting primitive: 01 / brass busk catch 4.001
12:05:00 | INFO: Primitives created: 1
12:05:00 | INFO: Extracting primitive: 01 / brass busk catch 5.001
12:05:00 | INFO: Primitives created: 1
12:05:00 | INFO: Extracting primitive: 01 / brass busk hook 0.001
12:05:00 | INFO: Primitives created: 1
12:05:00 | INFO: Extracting primitive: 01 / brass busk hook 1.001
12:05:00 | INFO: Primitives created: 1
12:05:00 | INFO: Extracting primitive: 01 / brass busk hook 2.001
12:05:00 | INFO: Primitives created: 1
12:05:00 | INFO: Extracting primitive: 01 / brass busk hook 3.001
12:05:00 | INFO: Primitives created: 1
12:05:00 | INFO: Extracting primitive: 01 / brass busk hook 4.001
12:05:00 | INFO: Primitives created: 1
12:05:00 | INFO: Extracting primitive: 01 / brass busk hook 5.001
12:05:00 | INFO: Primitives created: 1
12:05:00 | INFO: Extracting primitive: 01 / corset / corset hem scalloped floral lace.001
12:05:00 | INFO: Primitives created: 1
12:05:00 | INFO: Extracting primitive: 01 / corset / lower pointed gathered frill.001
12:05:00 | INFO: Primitives created: 1
12:05:00 | INFO: Extracting primitive: 01 / corset / rear hanging ribbon tail 1.001
12:05:00 | INFO: Primitives created: 1
12:05:00 | INFO: Extracting primitive: 01 / corset / rear hanging ribbon tail -1.001
12:05:00 | INFO: Primitives created: 1
12:05:00 | INFO: Extracting primitive: 01 / corset / rear ribbon bow wing 1.001
12:05:00 | INFO: Primitives created: 1
12:05:00 | INFO: Extracting primitive: 01 / corset / rear ribbon bow wing -1.001
12:05:00 | INFO: Primitives created: 1
12:05:00 | INFO: Extracting primitive: 01 / corset / rear ribbon sewn knot.001
12:05:00 | INFO: Primitives created: 1
12:05:00 | INFO: Extracting primitive: 01 / corset / upper gathered frill.001
12:05:00 | INFO: Primitives created: 1
12:05:00 | INFO: Extracting primitive: 01 / corset / upper needle lace edging.001
12:05:01 | INFO: Primitives created: 1
12:05:01 | INFO: Extracting primitive: 01 / corset boning channel 00 edge 1.001
12:05:01 | INFO: Primitives created: 1
12:05:01 | INFO: Extracting primitive: 01 / corset boning channel 00 edge -1.001
12:05:01 | INFO: Primitives created: 1
12:05:01 | INFO: Extracting primitive: 01 / corset boning channel 01 edge 1.001
12:05:01 | INFO: Primitives created: 1
12:05:01 | INFO: Extracting primitive: 01 / corset boning channel 01 edge -1.001
12:05:01 | INFO: Primitives created: 1
12:05:01 | INFO: Extracting primitive: 01 / corset boning channel 02 edge 1.001
12:05:01 | INFO: Primitives created: 1
12:05:01 | INFO: Extracting primitive: 01 / corset boning channel 02 edge -1.001
12:05:01 | INFO: Primitives created: 1
12:05:01 | INFO: Extracting primitive: 01 / corset boning channel 03 edge 1.001
12:05:01 | INFO: Primitives created: 1
12:05:01 | INFO: Extracting primitive: 01 / corset boning channel 03 edge -1.001
12:05:01 | INFO: Primitives created: 1
12:05:01 | INFO: Extracting primitive: 01 / corset boning channel 04 edge 1.001
12:05:01 | INFO: Primitives created: 1
12:05:01 | INFO: Extracting primitive: 01 / corset boning channel 04 edge -1.001
12:05:01 | INFO: Primitives created: 1
12:05:01 | INFO: Extracting primitive: 01 / corset boning channel 05 edge 1.001
12:05:01 | INFO: Primitives created: 1
12:05:01 | INFO: Extracting primitive: 01 / corset boning channel 05 edge -1.001
12:05:01 | INFO: Primitives created: 1
12:05:01 | INFO: Extracting primitive: 01 / corset boning channel 06 edge 1.001
12:05:01 | INFO: Primitives created: 1
12:05:01 | INFO: Extracting primitive: 01 / corset boning channel 06 edge -1.001
12:05:01 | INFO: Primitives created: 1
12:05:01 | INFO: Extracting primitive: 01 / corset boning channel 07 edge 1.001
12:05:01 | INFO: Primitives created: 1
12:05:01 | INFO: Extracting primitive: 01 / corset boning channel 07 edge -1.001
12:05:01 | INFO: Primitives created: 1
12:05:01 | INFO: Extracting primitive: 01 / corset boning channel 08 edge 1.001
12:05:01 | INFO: Primitives created: 1
12:05:01 | INFO: Extracting primitive: 01 / corset boning channel 08 edge -1.001
12:05:01 | INFO: Primitives created: 1
12:05:01 | INFO: Extracting primitive: 01 / corset boning channel 09 edge 1.001
12:05:01 | INFO: Primitives created: 1
12:05:01 | INFO: Extracting primitive: 01 / corset boning channel 09 edge -1.001
12:05:01 | INFO: Primitives created: 1
12:05:01 | INFO: Extracting primitive: 01 / corset boning channel 10 edge 1.001
12:05:01 | INFO: Primitives created: 1
12:05:01 | INFO: Extracting primitive: 01 / corset boning channel 10 edge -1.001
12:05:01 | INFO: Primitives created: 1
12:05:01 | INFO: Extracting primitive: 01 / corset boning channel 11 edge 1.001
12:05:01 | INFO: Primitives created: 1
12:05:01 | INFO: Extracting primitive: 01 / corset boning channel 11 edge -1.001
12:05:01 | INFO: Primitives created: 1
12:05:01 | INFO: Extracting primitive: 01 / corset boning channel 12 edge 1.001
12:05:01 | INFO: Primitives created: 1
12:05:01 | INFO: Extracting primitive: 01 / corset boning channel 12 edge -1.001
12:05:01 | INFO: Primitives created: 1
12:05:01 | INFO: Extracting primitive: 01 / corset boning channel 13 edge 1.001
12:05:01 | INFO: Primitives created: 1
12:05:01 | INFO: Extracting primitive: 01 / corset boning channel 13 edge -1.001
12:05:01 | INFO: Primitives created: 1
12:05:01 | INFO: Extracting primitive: 01 / corset bound lower edge.001
12:05:01 | INFO: Primitives created: 1
12:05:01 | INFO: Extracting primitive: 01 / corset bound upper edge.001
12:05:01 | INFO: Primitives created: 1
12:05:01 | INFO: Extracting primitive: 01 / garter belt / elastic casing lower stitch.001
12:05:01 | INFO: Primitives created: 1
12:05:01 | INFO: Extracting primitive: 01 / garter belt / elastic casing upper stitch.001
12:05:01 | INFO: Primitives created: 1
12:05:01 | INFO: Extracting primitive: 01 / garter belt / garter belt hem photographic lace / rounded photographed filaments and fine ground.001
12:05:07 | INFO: Primitives created: 1
12:05:07 | INFO: Extracting primitive: 01 / garter belt / gathered waist casing / own photo refined fabric.001
12:05:08 | INFO: Primitives created: 1
12:05:08 | INFO: Extracting primitive: 01 / garter belt / looped lace edge 0.001
12:05:08 | INFO: Primitives created: 1
12:05:08 | INFO: Extracting primitive: 01 / garter belt / ruffled edge 0 / own photo refined fabric.001
12:05:08 | INFO: Primitives created: 1
12:05:08 | INFO: Extracting primitive: 01 / garter belt / ruffled edge 1 / own photo refined fabric.001
12:05:08 | INFO: Primitives created: 1
12:05:08 | INFO: Extracting primitive: 01 / gathered blouse / real open armholes.001
12:05:08 | INFO: Primitives created: 1
12:05:08 | INFO: Extracting primitive: 01 / gathered scoop neckline frill.001
12:05:09 | INFO: Primitives created: 1
12:05:09 | INFO: Extracting primitive: 01 / ivory fitted boned corset / pointed front.001
12:05:09 | INFO: Primitives created: 1
12:05:09 | INFO: Extracting primitive: 01 / ivory lower gathered flounce.001
12:05:09 | INFO: Primitives created: 1
12:05:09 | INFO: Extracting primitive: 01 / ivory scalloped floral lace / real apertures.001
12:05:10 | INFO: Primitives created: 1
12:05:10 | INFO: Extracting primitive: 01 / left bloomers / bloomer hem floral lace.001
12:05:10 | INFO: Primitives created: 1
12:05:10 | INFO: Extracting primitive: 01 / left bloomers / cuff bow wing 1.001
12:05:10 | INFO: Primitives created: 1
12:05:10 | INFO: Extracting primitive: 01 / left bloomers / cuff bow wing -1.001
12:05:10 | INFO: Primitives created: 1
12:05:10 | INFO: Extracting primitive: 01 / left bloomers / cuff elastic casing.001
12:05:10 | INFO: Primitives created: 1
12:05:10 | INFO: Extracting primitive: 01 / left bloomers / gathered cuff frill.001
12:05:10 | INFO: Primitives created: 1
12:05:10 | INFO: Extracting primitive: 01 / left cuff looped needle lace.001
12:05:10 | INFO: Primitives created: 1
12:05:10 | INFO: Extracting primitive: 01 / left garter / cup bound edge 0.001
12:05:10 | INFO: Primitives created: 1
12:05:10 | INFO: Extracting primitive: 01 / left garter / cup bound edge 1.001
12:05:10 | INFO: Primitives created: 1
12:05:10 | INFO: Extracting primitive: 01 / left garter / cup front stitch 0.001
12:05:10 | INFO: Primitives created: 1
12:05:10 | INFO: Extracting primitive: 01 / left garter / cup front stitch -0.001
12:05:10 | INFO: Primitives created: 1
12:05:10 | INFO: Extracting primitive: 01 / left garter / curved panel seam 1.001
12:05:10 | INFO: Primitives created: 1
12:05:10 | INFO: Extracting primitive: 01 / left garter / curved panel seam -1.001
12:05:10 | INFO: Primitives created: 1
12:05:10 | INFO: Extracting primitive: 01 / left garter / curved seam sewing threads.001
12:05:10 | INFO: Primitives created: 1
12:05:10 | INFO: Extracting primitive: 01 / left garter / False brass slider 0.001
12:05:10 | INFO: Primitives created: 1
12:05:10 | INFO: Extracting primitive: 01 / left garter / False brass slider 1.001
12:05:10 | INFO: Primitives created: 1
12:05:10 | INFO: Extracting primitive: 01 / left garter / False brass stocking clasp.001
12:05:10 | INFO: Primitives created: 1
12:05:10 | INFO: Extracting primitive: 01 / left garter / front suspension web / fitted front dome midsurface.001
12:05:10 | INFO: Primitives created: 1
12:05:10 | INFO: Extracting primitive: 01 / left garter / gathered thigh cup frill.001
12:05:11 | INFO: Primitives created: 1
12:05:11 | INFO: Extracting primitive: 01 / left garter / narrow top facing band.001
12:05:11 | INFO: Primitives created: 1
12:05:11 | INFO: Extracting primitive: 01 / left garter / pointed thigh reinforcement / sculpted quad fabric.001
12:05:11 | INFO: Primitives created: 1
12:05:11 | INFO: Extracting primitive: 01 / left garter / rear suspension web.001
12:05:11 | INFO: Primitives created: 1
12:05:11 | INFO: Extracting primitive: 01 / left garter / side bow folded wing 1.001
12:05:11 | INFO: Primitives created: 1
12:05:11 | INFO: Extracting primitive: 01 / left garter / side bow folded wing -1.001
12:05:11 | INFO: Primitives created: 1
12:05:11 | INFO: Extracting primitive: 01 / left garter / side bow hanging ribbon 1.001
12:05:11 | INFO: Primitives created: 1
12:05:11 | INFO: Extracting primitive: 01 / left garter / side bow hanging ribbon -1.001
12:05:11 | INFO: Primitives created: 1
12:05:11 | INFO: Extracting primitive: 01 / left garter / side bow wrapped knot.001
12:05:11 | INFO: Primitives created: 1
12:05:11 | INFO: Extracting primitive: 01 / left garter / thigh cup needle lace.001
12:05:11 | INFO: Primitives created: 1
12:05:11 | INFO: Extracting primitive: 01 / left garter / top facing stitch 0.001
12:05:11 | INFO: Primitives created: 1
12:05:11 | INFO: Extracting primitive: 01 / left garter / top facing stitch 1.001
12:05:11 | INFO: Primitives created: 1
12:05:11 | INFO: Extracting primitive: 01 / left garter / True brass slider 0.001
12:05:11 | INFO: Primitives created: 1
12:05:11 | INFO: Extracting primitive: 01 / left garter / True brass slider 1.001
12:05:11 | INFO: Primitives created: 1
12:05:11 | INFO: Extracting primitive: 01 / left garter / True brass stocking clasp.001
12:05:11 | INFO: Primitives created: 1
12:05:11 | INFO: Extracting primitive: 01 / left gathered cuff frill.001
12:05:11 | INFO: Primitives created: 1
12:05:11 | INFO: Extracting primitive: 01 / left gathered puff sleeve / sewn armhole.001
12:05:11 | INFO: Primitives created: 1
12:05:11 | INFO: Extracting primitive: 01 / left petticoat / continuous gathering drawcord.001
12:05:11 | INFO: Primitives created: 1
12:05:11 | INFO: Extracting primitive: 01 / left petticoat / drawstring brass eyelet 0.001
12:05:11 | INFO: Primitives created: 1
12:05:11 | INFO: Extracting primitive: 01 / left petticoat / drawstring brass eyelet 1.001
12:05:11 | INFO: Primitives created: 1
12:05:11 | INFO: Extracting primitive: 01 / left petticoat / drawstring brass eyelet 2.001
12:05:11 | INFO: Primitives created: 1
12:05:11 | INFO: Extracting primitive: 01 / left petticoat / drawstring brass eyelet 3.001
12:05:11 | INFO: Primitives created: 1
12:05:11 | INFO: Extracting primitive: 01 / left petticoat / drawstring brass eyelet 4.001
12:05:11 | INFO: Primitives created: 1
12:05:11 | INFO: Extracting primitive: 01 / left petticoat / drawstring brass eyelet 5.001
12:05:11 | INFO: Primitives created: 1
12:05:11 | INFO: Extracting primitive: 01 / left petticoat / gathered side cascade panel.001
12:05:11 | INFO: Primitives created: 1
12:05:11 | INFO: Extracting primitive: 01 / left petticoat / gathered tie bow wing 1.001
12:05:11 | INFO: Primitives created: 1
12:05:11 | INFO: Extracting primitive: 01 / left petticoat / gathered tie bow wing -1.001
12:05:11 | INFO: Primitives created: 1
12:05:11 | INFO: Extracting primitive: 01 / left petticoat / gathered tie sewn knot.001
12:05:11 | INFO: Primitives created: 1
12:05:11 | INFO: Extracting primitive: 01 / left petticoat / hanging gathered tie ribbon 1.001
12:05:11 | INFO: Primitives created: 1
12:05:11 | INFO: Extracting primitive: 01 / left petticoat / hanging gathered tie ribbon -1.001
12:05:11 | INFO: Primitives created: 1
12:05:11 | INFO: Extracting primitive: 01 / left petticoat / rolled cascade lower hem.001
12:05:11 | INFO: Primitives created: 1
12:05:11 | INFO: Extracting primitive: 01 / left petticoat / sewn drawstring casing tape.001
12:05:11 | INFO: Primitives created: 1
12:05:11 | INFO: Extracting primitive: 01 / left sleeve elastic binding.001
12:05:12 | INFO: Primitives created: 1
12:05:12 | INFO: Extracting primitive: 01 / left stocking / fitted leg ankle and closed toe.001
12:05:12 | INFO: Primitives created: 1
12:05:12 | INFO: Extracting primitive: 01 / left stocking / horizontal knitted bands.001
12:05:12 | INFO: Primitives created: 1
12:05:12 | INFO: Extracting primitive: 01 / left stocking / sewn front panel seam.001
12:05:12 | INFO: Primitives created: 1
12:05:12 | INFO: Extracting primitive: 01 / left stocking / sewn rear panel seam.001
12:05:12 | INFO: Primitives created: 1
12:05:12 | INFO: Extracting primitive: 01 / long ivory gathered petticoat.001
12:05:13 | INFO: Primitives created: 1
12:05:13 | INFO: Extracting primitive: 01 / neckline looped needle lace.001
12:05:13 | INFO: Primitives created: 1
12:05:13 | INFO: Extracting primitive: 01 / neckline stitched binding.001
12:05:13 | INFO: Primitives created: 1
12:05:13 | INFO: Extracting primitive: 01 / rear corset crossing 0 side 0.001
12:05:13 | INFO: Primitives created: 1
12:05:13 | INFO: Extracting primitive: 01 / rear corset crossing 0 side 1.001
12:05:13 | INFO: Primitives created: 1
12:05:13 | INFO: Extracting primitive: 01 / rear corset crossing 1 side 0.001
12:05:13 | INFO: Primitives created: 1
12:05:13 | INFO: Extracting primitive: 01 / rear corset crossing 1 side 1.001
12:05:13 | INFO: Primitives created: 1
12:05:13 | INFO: Extracting primitive: 01 / rear corset crossing 2 side 0.001
12:05:13 | INFO: Primitives created: 1
12:05:13 | INFO: Extracting primitive: 01 / rear corset crossing 2 side 1.001
12:05:13 | INFO: Primitives created: 1
12:05:13 | INFO: Extracting primitive: 01 / rear corset crossing 3 side 0.001
12:05:13 | INFO: Primitives created: 1
12:05:13 | INFO: Extracting primitive: 01 / rear corset crossing 3 side 1.001
12:05:13 | INFO: Primitives created: 1
12:05:13 | INFO: Extracting primitive: 01 / rear corset crossing 4 side 0.001
12:05:13 | INFO: Primitives created: 1
12:05:13 | INFO: Extracting primitive: 01 / rear corset crossing 4 side 1.001
12:05:13 | INFO: Primitives created: 1
12:05:13 | INFO: Extracting primitive: 01 / rear corset crossing 5 side 0.001
12:05:13 | INFO: Primitives created: 1
12:05:13 | INFO: Extracting primitive: 01 / rear corset crossing 5 side 1.001
12:05:13 | INFO: Primitives created: 1
12:05:13 | INFO: Extracting primitive: 01 / rear corset crossing 6 side 0.001
12:05:13 | INFO: Primitives created: 1
12:05:13 | INFO: Extracting primitive: 01 / rear corset crossing 6 side 1.001
12:05:13 | INFO: Primitives created: 1
12:05:13 | INFO: Extracting primitive: 01 / rear eyelet 0 side 1.001
12:05:13 | INFO: Primitives created: 1
12:05:13 | INFO: Extracting primitive: 01 / rear eyelet 0 side -1.001
12:05:13 | INFO: Primitives created: 1
12:05:13 | INFO: Extracting primitive: 01 / rear eyelet 1 side 1.001
12:05:13 | INFO: Primitives created: 1
12:05:13 | INFO: Extracting primitive: 01 / rear eyelet 1 side -1.001
12:05:13 | INFO: Primitives created: 1
12:05:13 | INFO: Extracting primitive: 01 / rear eyelet 2 side 1.001
12:05:13 | INFO: Primitives created: 1
12:05:13 | INFO: Extracting primitive: 01 / rear eyelet 2 side -1.001
12:05:13 | INFO: Primitives created: 1
12:05:13 | INFO: Extracting primitive: 01 / rear eyelet 3 side 1.001
12:05:13 | INFO: Primitives created: 1
12:05:13 | INFO: Extracting primitive: 01 / rear eyelet 3 side -1.001
12:05:13 | INFO: Primitives created: 1
12:05:13 | INFO: Extracting primitive: 01 / rear eyelet 4 side 1.001
12:05:13 | INFO: Primitives created: 1
12:05:13 | INFO: Extracting primitive: 01 / rear eyelet 4 side -1.001
12:05:13 | INFO: Primitives created: 1
12:05:13 | INFO: Extracting primitive: 01 / rear eyelet 5 side 1.001
12:05:13 | INFO: Primitives created: 1
12:05:13 | INFO: Extracting primitive: 01 / rear eyelet 5 side -1.001
12:05:13 | INFO: Primitives created: 1
12:05:13 | INFO: Extracting primitive: 01 / rear eyelet 6 side 1.001
12:05:13 | INFO: Primitives created: 1
12:05:13 | INFO: Extracting primitive: 01 / rear eyelet 6 side -1.001
12:05:13 | INFO: Primitives created: 1
12:05:13 | INFO: Extracting primitive: 01 / rear eyelet 7 side 1.001
12:05:13 | INFO: Primitives created: 1
12:05:13 | INFO: Extracting primitive: 01 / rear eyelet 7 side -1.001
12:05:13 | INFO: Primitives created: 1
12:05:13 | INFO: Extracting primitive: 01 / right bloomers / bloomer hem floral lace.001
12:05:13 | INFO: Primitives created: 1
12:05:13 | INFO: Extracting primitive: 01 / right bloomers / cuff bow wing 1.001
12:05:13 | INFO: Primitives created: 1
12:05:13 | INFO: Extracting primitive: 01 / right bloomers / cuff bow wing -1.001
12:05:13 | INFO: Primitives created: 1
12:05:13 | INFO: Extracting primitive: 01 / right bloomers / cuff elastic casing.001
12:05:13 | INFO: Primitives created: 1
12:05:13 | INFO: Extracting primitive: 01 / right bloomers / gathered cuff frill.001
12:05:13 | INFO: Primitives created: 1
12:05:13 | INFO: Extracting primitive: 01 / right cuff looped needle lace.001
12:05:14 | INFO: Primitives created: 1
12:05:14 | INFO: Extracting primitive: 01 / right garter / cup bound edge 0.001
12:05:14 | INFO: Primitives created: 1
12:05:14 | INFO: Extracting primitive: 01 / right garter / cup bound edge 1.001
12:05:14 | INFO: Primitives created: 1
12:05:14 | INFO: Extracting primitive: 01 / right garter / cup front stitch 0.001
12:05:14 | INFO: Primitives created: 1
12:05:14 | INFO: Extracting primitive: 01 / right garter / cup front stitch -0.001
12:05:14 | INFO: Primitives created: 1
12:05:14 | INFO: Extracting primitive: 01 / right garter / curved panel seam 1.001
12:05:14 | INFO: Primitives created: 1
12:05:14 | INFO: Extracting primitive: 01 / right garter / curved panel seam -1.001
12:05:14 | INFO: Primitives created: 1
12:05:14 | INFO: Extracting primitive: 01 / right garter / curved seam sewing threads.001
12:05:14 | INFO: Primitives created: 1
12:05:14 | INFO: Extracting primitive: 01 / right garter / False brass slider 0.001
12:05:14 | INFO: Primitives created: 1
12:05:14 | INFO: Extracting primitive: 01 / right garter / False brass slider 1.001
12:05:14 | INFO: Primitives created: 1
12:05:14 | INFO: Extracting primitive: 01 / right garter / False brass stocking clasp.001
12:05:14 | INFO: Primitives created: 1
12:05:14 | INFO: Extracting primitive: 01 / right garter / front suspension web / fitted front dome midsurface.001
12:05:14 | INFO: Primitives created: 1
12:05:14 | INFO: Extracting primitive: 01 / right garter / gathered thigh cup frill.001
12:05:14 | INFO: Primitives created: 1
12:05:14 | INFO: Extracting primitive: 01 / right garter / narrow top facing band.001
12:05:14 | INFO: Primitives created: 1
12:05:14 | INFO: Extracting primitive: 01 / right garter / pointed thigh reinforcement / sculpted quad fabric.001
12:05:14 | INFO: Primitives created: 1
12:05:14 | INFO: Extracting primitive: 01 / right garter / rear suspension web.001
12:05:14 | INFO: Primitives created: 1
12:05:14 | INFO: Extracting primitive: 01 / right garter / side bow folded wing 1.001
12:05:14 | INFO: Primitives created: 1
12:05:14 | INFO: Extracting primitive: 01 / right garter / side bow folded wing -1.001
12:05:14 | INFO: Primitives created: 1
12:05:14 | INFO: Extracting primitive: 01 / right garter / side bow hanging ribbon 1.001
12:05:14 | INFO: Primitives created: 1
12:05:14 | INFO: Extracting primitive: 01 / right garter / side bow hanging ribbon -1.001
12:05:14 | INFO: Primitives created: 1
12:05:14 | INFO: Extracting primitive: 01 / right garter / side bow wrapped knot.001
12:05:14 | INFO: Primitives created: 1
12:05:14 | INFO: Extracting primitive: 01 / right garter / thigh cup needle lace.001
12:05:14 | INFO: Primitives created: 1
12:05:14 | INFO: Extracting primitive: 01 / right garter / top facing stitch 0.001
12:05:14 | INFO: Primitives created: 1
12:05:14 | INFO: Extracting primitive: 01 / right garter / top facing stitch 1.001
12:05:14 | INFO: Primitives created: 1
12:05:14 | INFO: Extracting primitive: 01 / right garter / True brass slider 0.001
12:05:14 | INFO: Primitives created: 1
12:05:14 | INFO: Extracting primitive: 01 / right garter / True brass slider 1.001
12:05:14 | INFO: Primitives created: 1
12:05:14 | INFO: Extracting primitive: 01 / right garter / True brass stocking clasp.001
12:05:14 | INFO: Primitives created: 1
12:05:14 | INFO: Extracting primitive: 01 / right gathered cuff frill.001
12:05:14 | INFO: Primitives created: 1
12:05:14 | INFO: Extracting primitive: 01 / right gathered puff sleeve / sewn armhole.001
12:05:14 | INFO: Primitives created: 1
12:05:14 | INFO: Extracting primitive: 01 / right petticoat / continuous gathering drawcord.001
12:05:14 | INFO: Primitives created: 1
12:05:14 | INFO: Extracting primitive: 01 / right petticoat / drawstring brass eyelet 0.001
12:05:14 | INFO: Primitives created: 1
12:05:14 | INFO: Extracting primitive: 01 / right petticoat / drawstring brass eyelet 1.001
12:05:15 | INFO: Primitives created: 1
12:05:15 | INFO: Extracting primitive: 01 / right petticoat / drawstring brass eyelet 2.001
12:05:15 | INFO: Primitives created: 1
12:05:15 | INFO: Extracting primitive: 01 / right petticoat / drawstring brass eyelet 3.001
12:05:15 | INFO: Primitives created: 1
12:05:15 | INFO: Extracting primitive: 01 / right petticoat / drawstring brass eyelet 4.001
12:05:15 | INFO: Primitives created: 1
12:05:15 | INFO: Extracting primitive: 01 / right petticoat / drawstring brass eyelet 5.001
12:05:15 | INFO: Primitives created: 1
12:05:15 | INFO: Extracting primitive: 01 / right petticoat / gathered side cascade panel.001
12:05:15 | INFO: Primitives created: 1
12:05:15 | INFO: Extracting primitive: 01 / right petticoat / gathered tie bow wing 1.001
12:05:15 | INFO: Primitives created: 1
12:05:15 | INFO: Extracting primitive: 01 / right petticoat / gathered tie bow wing -1.001
12:05:15 | INFO: Primitives created: 1
12:05:15 | INFO: Extracting primitive: 01 / right petticoat / gathered tie sewn knot.001
12:05:15 | INFO: Primitives created: 1
12:05:15 | INFO: Extracting primitive: 01 / right petticoat / hanging gathered tie ribbon 1.001
12:05:15 | INFO: Primitives created: 1
12:05:15 | INFO: Extracting primitive: 01 / right petticoat / hanging gathered tie ribbon -1.001
12:05:15 | INFO: Primitives created: 1
12:05:15 | INFO: Extracting primitive: 01 / right petticoat / rolled cascade lower hem.001
12:05:15 | INFO: Primitives created: 1
12:05:15 | INFO: Extracting primitive: 01 / right petticoat / sewn drawstring casing tape.001
12:05:15 | INFO: Primitives created: 1
12:05:15 | INFO: Extracting primitive: 01 / right sleeve elastic binding.001
12:05:15 | INFO: Primitives created: 1
12:05:15 | INFO: Extracting primitive: 01 / right stocking / fitted leg ankle and closed toe.001
12:05:15 | INFO: Primitives created: 1
12:05:15 | INFO: Extracting primitive: 01 / right stocking / horizontal knitted bands.001
12:05:15 | INFO: Primitives created: 1
12:05:15 | INFO: Extracting primitive: 01 / right stocking / sewn front panel seam.001
12:05:16 | INFO: Primitives created: 1
12:05:16 | INFO: Extracting primitive: 01 / right stocking / sewn rear panel seam.001
12:05:16 | INFO: Primitives created: 1
12:05:39 | INFO: Finished glTF 2.0 export in 46.01706671714783 s

ACTUAL_BLOOMER_WAIST_SKIN_EXPORTED 69452960 bccd78d0312de37a67b5b5b5bc49c21079943fc88c670535020a6ac92462295b
Blender 5.2.1 LTS (hash 9e2066aef7ef built 2026-08-25 02:38:20)

Blender quit
