'clear' não é reconhecido como um comando interno
ou externo, um programa operável ou um arquivo em lotes.
00:04.172  blend            | Read blend: "F:\Alice\Deliverables\Alice_Variants\alice_chapeleiro\foundation_shared_rig_v094\chapeleiro_shared_rig_ivory_response.blend"
importing .addon
importing .ui
importing .simulation
importing .addon
importing .ui
importing .simulation
Info: Read library: 'F:\Alice\Deliverables\Alice_Variants\alice_chapeleiro\foundation_shared_rig_v094\alice-vestido-chapeleiro.blend', '//alice-vestido-chapeleiro.blend', parent '<direct>'
ACTUAL_DYNAMIC_CLEARANCE 1 29 5.51
ACTUAL_DYNAMIC_CLEARANCE 2 29 6.48
ACTUAL_DYNAMIC_CLEARANCE 3 29 7.41
ACTUAL_DYNAMIC_CLEARANCE 4 29 8.49
ACTUAL_DYNAMIC_CLEARANCE 5 29 9.62
ACTUAL_DYNAMIC_CLEARANCE 6 29 10.59
ACTUAL_DYNAMIC_CLEARANCE 7 29 11.6
ACTUAL_DYNAMIC_CLEARANCE 8 29 12.58
ACTUAL_DYNAMIC_CLEARANCE 9 29 13.66
ACTUAL_DYNAMIC_CLEARANCE 10 29 14.63
ACTUAL_DYNAMIC_CLEARANCE 11 29 15.64
ACTUAL_DYNAMIC_CLEARANCE 12 29 16.78
ACTUAL_DYNAMIC_CLEARANCE 13 29 17.77
ACTUAL_DYNAMIC_CLEARANCE 14 29 18.75
ACTUAL_DYNAMIC_CLEARANCE 15 29 19.72
ACTUAL_DYNAMIC_CLEARANCE 16 29 20.72
ACTUAL_DYNAMIC_CLEARANCE 17 29 21.76
ACTUAL_DYNAMIC_CLEARANCE 18 29 22.73
ACTUAL_DYNAMIC_CLEARANCE 19 29 23.72
ACTUAL_DYNAMIC_CLEARANCE 20 29 24.71
ACTUAL_DYNAMIC_CLEARANCE 21 29 25.66
ACTUAL_DYNAMIC_CLEARANCE 22 29 26.68
ACTUAL_DYNAMIC_CLEARANCE 23 29 27.69
ACTUAL_DYNAMIC_CLEARANCE 24 29 28.7
ACTUAL_DYNAMIC_CLEARANCE 25 29 29.67
ACTUAL_DYNAMIC_CLEARANCE 26 29 30.67
ACTUAL_DYNAMIC_CLEARANCE 27 29 31.7
ACTUAL_DYNAMIC_CLEARANCE 28 29 32.67
ACTUAL_DYNAMIC_CLEARANCE 29 29 33.72
ACTUAL_DYNAMIC_CLEARANCE_SAVED
Blender 5.2.1 LTS (hash 9e2066aef7ef built 2026-08-25 02:38:20)

Blender quit
