'clear' não é reconhecido como um comando interno
ou externo, um programa operável ou um arquivo em lotes.
importing .addon
importing .ui
importing .simulation
importing .addon
importing .ui
importing .simulation
ACTUAL_XPBD_FRAME 2 29 14.87
ACTUAL_XPBD_FRAME 3 29 27.22
ACTUAL_XPBD_FRAME 4 29 36.59
ACTUAL_XPBD_FRAME 5 29 47.72
ACTUAL_XPBD_FRAME 6 29 59.36
ACTUAL_XPBD_FRAME 7 29 71.6
ACTUAL_XPBD_FRAME 8 29 83.22
ACTUAL_XPBD_FRAME 9 29 95.24
ACTUAL_XPBD_FRAME 10 29 106.83
ACTUAL_XPBD_FRAME 11 29 117.78
ACTUAL_XPBD_FRAME 12 29 129.82
ACTUAL_XPBD_FRAME 13 29 141.07
ACTUAL_XPBD_FRAME 14 29 152.7
ACTUAL_XPBD_FRAME 15 29 165.24
ACTUAL_XPBD_FRAME 16 29 178.6
ACTUAL_XPBD_FRAME 17 29 191.77
ACTUAL_XPBD_FRAME 18 29 205.65
ACTUAL_XPBD_FRAME 19 29 218.74
ACTUAL_XPBD_FRAME 20 29 231.25
ACTUAL_XPBD_FRAME 21 29 244.05
ACTUAL_XPBD_FRAME 22 29 257.29
ACTUAL_XPBD_FRAME 23 29 270.09
ACTUAL_XPBD_FRAME 24 29 282.99
ACTUAL_XPBD_FRAME 25 29 295.76
ACTUAL_XPBD_FRAME 26 29 308.86
ACTUAL_XPBD_FRAME 27 29 323.23
ACTUAL_XPBD_FRAME 28 29 338.55
ACTUAL_XPBD_FRAME 29 29 352.57
ACTUAL_XPBD_TRAJECTORY_SAVED 29
Blender 5.2.1 LTS (hash 9e2066aef7ef built 2026-08-25 02:38:20)

Blender quit
