'clear' não é reconhecido como um comando interno
ou externo, um programa operável ou um arquivo em lotes.
00:03.813  blend            | Read blend: "F:\Alice\Deliverables\Alice_Variants\alice_chapeleiro\foundation_shared_rig_v094\chapeleiro_shared_rig_ivory_response.blend"
importing .addon
importing .ui
importing .simulation
importing .addon
importing .ui
importing .simulation
Info: Read library: 'F:\Alice\Deliverables\Alice_Variants\alice_chapeleiro\foundation_shared_rig_v094\alice-vestido-chapeleiro.blend', '//alice-vestido-chapeleiro.blend', parent '<direct>'
{
  "actualBlenderVersion": "5.2.1 LTS",
  "before": {
    "tension_stiffness": 35.0,
    "compression_stiffness": 35.0,
    "shear_stiffness": 12.0,
    "tension_stiffness_max": 35.0,
    "compression_stiffness_max": 35.0,
    "shear_stiffness_max": 12.0
  },
  "requestedFactor": 8.0,
  "actualAfter": {
    "tension_stiffness": 280.0,
    "compression_stiffness": 280.0,
    "shear_stiffness": 96.0,
    "tension_stiffness_max": 280.0,
    "compression_stiffness_max": 280.0,
    "shear_stiffness_max": 96.0
  },
  "allSixActualRnaFieldsScaledExactlyOnce": true,
  "checkpointUnchanged": true,
  "parentEditableSha256": "53e3fb226166e6dccfe12190f65777d29ee982a1c8377b262d5689b681654e38",
  "scriptSha256": "033403e2fe8b357fb554fee8557c9d317c6b7962a9ae7abe4406938c4cf82cc7",
  "helperSha256": "e20fd5b484c445b905e01db974e748a176b90fb8460609c114d5083dbc13fa66",
  "clothSimulationExecuted": false,
  "notAMotionOrMaterialFidelityApproval": true
}
Blender 5.2.1 LTS (hash 9e2066aef7ef built 2026-08-25 02:38:20)

Blender quit
