'clear' não é reconhecido como um comando interno
ou externo, um programa operável ou um arquivo em lotes.
00:04.125  blend            | Read blend: "F:\Alice\Deliverables\Alice_Variants\alice_chapeleiro\foundation_shared_rig_v095\chapeleiro_shared_rig_bloomer_waist.blend"
importing .addon
importing .ui
importing .simulation
importing .addon
importing .ui
importing .simulation
Info: Read library: 'F:\Alice\Deliverables\Alice_Variants\alice_chapeleiro\foundation_shared_rig_v094\alice-vestido-chapeleiro.blend', '//..\foundation_shared_rig_v094\alice-vestido-chapeleiro.blend', parent '<direct>'
{
  "actualBlenderVersion": "5.2.1 LTS",
  "actualBlenderBuildHash": "9e2066aef7ef",
  "fps": 30,
  "fpsBase": 1.0,
  "unitSystem": "METRIC",
  "scaleLength": 1.0,
  "gravity": [
    0.0,
    0.0,
    -9.8100004196167
  ],
  "colliders": [
    {
      "proxy": "Local collision only / existing thin carrier / 01 / left stocking / fitted leg ankle and closed toe",
      "actualSourceCarrier": "01 / left stocking / fitted leg ankle and closed toe / skin midsurface",
      "visibleGarment": "01 / left stocking / fitted leg ankle and closed toe",
      "sourceVertices": 4289,
      "sourceFaces": 4288,
      "sharedActualMeshData": true,
      "sameActualSkinGroups": true,
      "sourceGeometryChanged": false,
      "foreignBodyMesh": false,
      "sourceClothAndThicknessExcludedFromLocalCollider": true,
      "actualInstalledCollisionSettings": {
        "use": {
          "value": true,
          "description": "Enable this object as a collider for physics systems"
        },
        "damping_factor": {
          "value": 0.0,
          "description": "Amount of damping during particle collision"
        },
        "damping_random": {
          "value": 0.0,
          "description": "Random variation of damping"
        },
        "friction_factor": {
          "value": 0.0,
          "description": "Amount of friction during particle collision"
        },
        "friction_random": {
          "value": 0.0,
          "description": "Random variation of friction"
        },
        "permeability": {
          "value": 0.0,
          "description": "Chance that the particle will pass through the mesh"
        },
        "use_particle_kill": {
          "value": false,
          "description": "Kill collided particles"
        },
        "stickiness": {
          "value": 0.0,
          "description": "Amount of stickiness to surface collision"
        },
        "thickness_inner": {
          "value": 0.0010000000474974513,
          "description": "Inner face thickness (only used by softbodies)"
        },
        "thickness_outer": {
          "value": 0.0010000000474974513,
          "description": "Outer face thickness"
        },
        "damping": {
          "value": 0.10000000149011612,
          "description": "Amount of damping during collision"
        },
        "absorption": {
          "value": 0.0,
          "description": "How much of effector force gets lost during collision with this object (in percent)"
        },
        "cloth_friction": {
          "value": 5.0,
          "description": "Friction for cloth collisions"
        },
        "use_culling": {
          "value": true,
          "description": "Cloth collision acts with respect to the collider normals (improves penetration recovery)"
        },
        "use_normal": {
          "value": false,
          "description": "Cloth collision impulses act in the direction of the collider normals (more reliable in some cases)"
        }
      },
      "modifierOrder": [
        "ARMATURE",
        "TRIANGULATE",
        "COLLISION"
      ],
      "boundsMeters": [
        [
          0.015853209421038628,
          -0.0636446624994278,
          0.006019654683768749
        ],
        [
          0.11195690929889679,
          0.038981612771749496,
          0.5171178579330444
        ]
      ],
      "signedOpenSurfaceVolumeNotClosedInsideProof": 0.00043805131088157137,
      "sourceScale": [
        1.0,
        1.0,
        1.0
      ]
    },
    {
      "proxy": "Local collision only / existing thin carrier / 01 / right stocking / fitted leg ankle and closed toe",
      "actualSourceCarrier": "01 / right stocking / fitted leg ankle and closed toe / skin midsurface",
      "visibleGarment": "01 / right stocking / fitted leg ankle and closed toe",
      "sourceVertices": 4289,
      "sourceFaces": 4288,
      "sharedActualMeshData": true,
      "sameActualSkinGroups": true,
      "sourceGeometryChanged": false,
      "foreignBodyMesh": false,
      "sourceClothAndThicknessExcludedFromLocalCollider": true,
      "actualInstalledCollisionSettings": {
        "use": {
          "value": true,
          "description": "Enable this object as a collider for physics systems"
        },
        "damping_factor": {
          "value": 0.0,
          "description": "Amount of damping during particle collision"
        },
        "damping_random": {
          "value": 0.0,
          "description": "Random variation of damping"
        },
        "friction_factor": {
          "value": 0.0,
          "description": "Amount of friction during particle collision"
        },
        "friction_random": {
          "value": 0.0,
          "description": "Random variation of friction"
        },
        "permeability": {
          "value": 0.0,
          "description": "Chance that the particle will pass through the mesh"
        },
        "use_particle_kill": {
          "value": false,
          "description": "Kill collided particles"
        },
        "stickiness": {
          "value": 0.0,
          "description": "Amount of stickiness to surface collision"
        },
        "thickness_inner": {
          "value": 0.0010000000474974513,
          "description": "Inner face thickness (only used by softbodies)"
        },
        "thickness_outer": {
          "value": 0.0010000000474974513,
          "description": "Outer face thickness"
        },
        "damping": {
          "value": 0.10000000149011612,
          "description": "Amount of damping during collision"
        },
        "absorption": {
          "value": 0.0,
          "description": "How much of effector force gets lost during collision with this object (in percent)"
        },
        "cloth_friction": {
          "value": 5.0,
          "description": "Friction for cloth collisions"
        },
        "use_culling": {
          "value": true,
          "description": "Cloth collision acts with respect to the collider normals (improves penetration recovery)"
        },
        "use_normal": {
          "value": false,
          "description": "Cloth collision impulses act in the direction of the collider normals (more reliable in some cases)"
        }
      },
      "modifierOrder": [
        "ARMATURE",
        "TRIANGULATE",
        "COLLISION"
      ],
      "boundsMeters": [
        [
          -0.11474872380495071,
          -0.06364025175571442,
          0.0060196490958333015
        ],
        [
          -0.015844212844967842,
          0.038981616497039795,
          0.5171179175376892
        ]
      ],
      "signedOpenSurfaceVolumeNotClosedInsideProof": 0.00043845510986466416,
      "sourceScale": [
        1.0,
        1.0,
        1.0
      ]
    },
    {
      "proxy": "Local collision only / existing thin carrier / 01 / bloomers / continuous waist and sewn crotch",
      "actualSourceCarrier": "01 / bloomers / continuous waist and sewn crotch / simulation midsurface",
      "visibleGarment": "01 / bloomers / continuous waist and sewn crotch",
      "sourceVertices": 6287,
      "sourceFaces": 6144,
      "sharedActualMeshData": true,
      "sameActualSkinGroups": true,
      "sourceGeometryChanged": false,
      "foreignBodyMesh": false,
      "sourceClothAndThicknessExcludedFromLocalCollider": true,
      "actualInstalledCollisionSettings": {
        "use": {
          "value": true,
          "description": "Enable this object as a collider for physics systems"
        },
        "damping_factor": {
          "value": 0.0,
          "description": "Amount of damping during particle collision"
        },
        "damping_random": {
          "value": 0.0,
          "description": "Random variation of damping"
        },
        "friction_factor": {
          "value": 0.0,
          "description": "Amount of friction during particle collision"
        },
        "friction_random": {
          "value": 0.0,
          "description": "Random variation of friction"
        },
        "permeability": {
          "value": 0.0,
          "description": "Chance that the particle will pass through the mesh"
        },
        "use_particle_kill": {
          "value": false,
          "description": "Kill collided particles"
        },
        "stickiness": {
          "value": 0.0,
          "description": "Amount of stickiness to surface collision"
        },
        "thickness_inner": {
          "value": 0.0010000000474974513,
          "description": "Inner face thickness (only used by softbodies)"
        },
        "thickness_outer": {
          "value": 0.0010000000474974513,
          "description": "Outer face thickness"
        },
        "damping": {
          "value": 0.10000000149011612,
          "description": "Amount of damping during collision"
        },
        "absorption": {
          "value": 0.0,
          "description": "How much of effector force gets lost during collision with this object (in percent)"
        },
        "cloth_friction": {
          "value": 5.0,
          "description": "Friction for cloth collisions"
        },
        "use_culling": {
          "value": true,
          "description": "Cloth collision acts with respect to the collider normals (improves penetration recovery)"
        },
        "use_normal": {
          "value": false,
          "description": "Cloth collision impulses act in the direction of the collider normals (more reliable in some cases)"
        }
      },
      "modifierOrder": [
        "ARMATURE",
        "TRIANGULATE",
        "COLLISION"
      ],
      "boundsMeters": [
        [
          -0.09757380932569504,
          -0.05292341858148575,
          0.42100000381469727
        ],
        [
          0.09611490368843079,
          0.05296115577220917,
          0.6240000128746033
        ]
      ],
      "signedOpenSurfaceVolumeNotClosedInsideProof": 0.0014741530967637814,
      "sourceScale": [
        1.0,
        1.0,
        1.0
      ]
    }
  ],
  "sourceEditableSha256": "e03074bc5a8f3de32b688b50161d91a4cde245c76cc61fbc35bfda3ae1347e5c",
  "sourceEditableUnchanged": true,
  "noSimulationRun": true,
  "notFidelityOrCollisionApproval": true
}
Blender 5.2.1 LTS (hash 9e2066aef7ef built 2026-08-25 02:38:20)

Blender quit
