'clear' não é reconhecido como um comando interno
ou externo, um programa operável ou um arquivo em lotes.
00:04.813  blend            | Read blend: "F:\Alice\Deliverables\Alice_Variants\alice_chapeleiro\foundation_shared_rig_v094\chapeleiro_shared_rig_ivory_response.blend"
importing .addon
importing .ui
importing .simulation
importing .addon
importing .ui
importing .simulation
Info: Read library: 'F:\Alice\Deliverables\Alice_Variants\alice_chapeleiro\foundation_shared_rig_v094\alice-vestido-chapeleiro.blend', '//alice-vestido-chapeleiro.blend', parent '<direct>'
{
  "closedRestVolumes": [
    {
      "proxy": "Local collision only / existing thin carrier / 01 / left stocking / fitted leg ankle and closed toe",
      "actualSourceCarrier": "01 / left stocking / fitted leg ankle and closed toe / skin midsurface",
      "visibleGarment": "01 / left stocking / fitted leg ankle and closed toe",
      "sourceVertices": 4289,
      "sourceFaces": 4288,
      "sharedActualMeshData": true,
      "sameActualSkinGroups": true,
      "sourceGeometryChanged": false,
      "foreignBodyMesh": false,
      "sourceClothAndThicknessExcludedFromLocalCollider": true,
      "closedIndependentProxy": true,
      "boundaryEdgesBefore": 64,
      "boundaryEdgesAfter": 0,
      "capsCreated": 1,
      "verticesBoneGroupsAndWeightsExactlyPreserved": true,
      "originalSharedMeshCoordinatesAndFacesExactlyPreserved": true,
      "proxyRawGeometrySha256": "63226c619d61a2d5b41db61ac6f78f39b335ff97dcbca40ee6a6078b2deecafc",
      "actualSignedVolumeCubicMeters": 0.0009790356270968914,
      "twoRayDirectionsAgreeAwayFromBoundary": true,
      "verticesInsideClosedProxy": 0,
      "maximumInsideDistanceMeters": 0.0,
      "parts": [
        {
          "key": "ivory",
          "restPhysicalVertices": 3552,
          "verticesInsideClosedProxy": 0,
          "maximumInsideDistanceMeters": 0.0
        },
        {
          "key": "support",
          "restPhysicalVertices": 3744,
          "verticesInsideClosedProxy": 0,
          "maximumInsideDistanceMeters": 0.0
        },
        {
          "key": "tier1",
          "restPhysicalVertices": 576,
          "verticesInsideClosedProxy": 0,
          "maximumInsideDistanceMeters": 0.0
        },
        {
          "key": "tier2",
          "restPhysicalVertices": 576,
          "verticesInsideClosedProxy": 0,
          "maximumInsideDistanceMeters": 0.0
        },
        {
          "key": "tier3",
          "restPhysicalVertices": 576,
          "verticesInsideClosedProxy": 0,
          "maximumInsideDistanceMeters": 0.0
        }
      ]
    },
    {
      "proxy": "Local collision only / existing thin carrier / 01 / right stocking / fitted leg ankle and closed toe",
      "actualSourceCarrier": "01 / right stocking / fitted leg ankle and closed toe / skin midsurface",
      "visibleGarment": "01 / right stocking / fitted leg ankle and closed toe",
      "sourceVertices": 4289,
      "sourceFaces": 4288,
      "sharedActualMeshData": true,
      "sameActualSkinGroups": true,
      "sourceGeometryChanged": false,
      "foreignBodyMesh": false,
      "sourceClothAndThicknessExcludedFromLocalCollider": true,
      "closedIndependentProxy": true,
      "boundaryEdgesBefore": 64,
      "boundaryEdgesAfter": 0,
      "capsCreated": 1,
      "verticesBoneGroupsAndWeightsExactlyPreserved": true,
      "originalSharedMeshCoordinatesAndFacesExactlyPreserved": true,
      "proxyRawGeometrySha256": "5a1a2070d01b71ca531ab5075e7720432914031c0dab25904a2480a5881863f5",
      "actualSignedVolumeCubicMeters": 0.000979439471848309,
      "twoRayDirectionsAgreeAwayFromBoundary": true,
      "verticesInsideClosedProxy": 0,
      "maximumInsideDistanceMeters": 0.0,
      "parts": [
        {
          "key": "ivory",
          "restPhysicalVertices": 3552,
          "verticesInsideClosedProxy": 0,
          "maximumInsideDistanceMeters": 0.0
        },
        {
          "key": "support",
          "restPhysicalVertices": 3744,
          "verticesInsideClosedProxy": 0,
          "maximumInsideDistanceMeters": 0.0
        },
        {
          "key": "tier1",
          "restPhysicalVertices": 576,
          "verticesInsideClosedProxy": 0,
          "maximumInsideDistanceMeters": 0.0
        },
        {
          "key": "tier2",
          "restPhysicalVertices": 576,
          "verticesInsideClosedProxy": 0,
          "maximumInsideDistanceMeters": 0.0
        },
        {
          "key": "tier3",
          "restPhysicalVertices": 576,
          "verticesInsideClosedProxy": 0,
          "maximumInsideDistanceMeters": 0.0
        }
      ]
    },
    {
      "proxy": "Local collision only / existing thin carrier / 01 / bloomers / continuous waist and sewn crotch",
      "actualSourceCarrier": "01 / bloomers / continuous waist and sewn crotch / simulation midsurface",
      "visibleGarment": "01 / bloomers / continuous waist and sewn crotch",
      "sourceVertices": 6287,
      "sourceFaces": 6144,
      "sharedActualMeshData": true,
      "sameActualSkinGroups": true,
      "sourceGeometryChanged": false,
      "foreignBodyMesh": false,
      "sourceClothAndThicknessExcludedFromLocalCollider": true,
      "closedIndependentProxy": true,
      "boundaryEdgesBefore": 288,
      "boundaryEdgesAfter": 0,
      "capsCreated": 3,
      "verticesBoneGroupsAndWeightsExactlyPreserved": true,
      "originalSharedMeshCoordinatesAndFacesExactlyPreserved": true,
      "proxyRawGeometrySha256": "a75281122cfbcf61aebdc6e33ca17a3df6c5a5c25fbe8f26782e247802e74150",
      "actualSignedVolumeCubicMeters": 0.0023023246321827173,
      "twoRayDirectionsAgreeAwayFromBoundary": true,
      "verticesInsideClosedProxy": 0,
      "maximumInsideDistanceMeters": 0.0,
      "parts": [
        {
          "key": "ivory",
          "restPhysicalVertices": 3552,
          "verticesInsideClosedProxy": 0,
          "maximumInsideDistanceMeters": 0.0
        },
        {
          "key": "support",
          "restPhysicalVertices": 3744,
          "verticesInsideClosedProxy": 0,
          "maximumInsideDistanceMeters": 0.0
        },
        {
          "key": "tier1",
          "restPhysicalVertices": 576,
          "verticesInsideClosedProxy": 0,
          "maximumInsideDistanceMeters": 0.0
        },
        {
          "key": "tier2",
          "restPhysicalVertices": 576,
          "verticesInsideClosedProxy": 0,
          "maximumInsideDistanceMeters": 0.0
        },
        {
          "key": "tier3",
          "restPhysicalVertices": 576,
          "verticesInsideClosedProxy": 0,
          "maximumInsideDistanceMeters": 0.0
        }
      ]
    }
  ]
}
Blender 5.2.1 LTS (hash 9e2066aef7ef built 2026-08-25 02:38:20)

Blender quit
