'clear' não é reconhecido como um comando interno
ou externo, um programa operável ou um arquivo em lotes.
00:06.921  blend            | Read blend: "F:\Alice\Deliverables\Alice_Variants\alice_chapeleiro\foundation_shared_rig_v095\chapeleiro_shared_rig_bloomer_waist.blend"
importing .addon
importing .ui
importing .simulation
importing .addon
importing .ui
importing .simulation
Info: Read library: 'F:\Alice\Deliverables\Alice_Variants\alice_chapeleiro\foundation_shared_rig_v094\alice-vestido-chapeleiro.blend', '//..\foundation_shared_rig_v094\alice-vestido-chapeleiro.blend', parent '<direct>'
ACTUAL_DYNAMIC_CLEARANCE 1 29 9.97
ACTUAL_DYNAMIC_CLEARANCE 2 29 12.06
ACTUAL_DYNAMIC_CLEARANCE 3 29 14.1
ACTUAL_DYNAMIC_CLEARANCE 4 29 16.12
ACTUAL_DYNAMIC_CLEARANCE 5 29 18.23
ACTUAL_DYNAMIC_CLEARANCE 6 29 20.5
ACTUAL_DYNAMIC_CLEARANCE 7 29 23.85
ACTUAL_DYNAMIC_CLEARANCE 8 29 27.34
ACTUAL_DYNAMIC_CLEARANCE 9 29 29.2
ACTUAL_DYNAMIC_CLEARANCE 10 29 30.6
ACTUAL_DYNAMIC_CLEARANCE 11 29 32.12
ACTUAL_DYNAMIC_CLEARANCE 12 29 34.03
ACTUAL_DYNAMIC_CLEARANCE 13 29 35.5
ACTUAL_DYNAMIC_CLEARANCE 14 29 37.37
ACTUAL_DYNAMIC_CLEARANCE 15 29 39.17
ACTUAL_DYNAMIC_CLEARANCE 16 29 40.64
ACTUAL_DYNAMIC_CLEARANCE 17 29 42.42
ACTUAL_DYNAMIC_CLEARANCE 18 29 43.79
ACTUAL_DYNAMIC_CLEARANCE 19 29 45.35
ACTUAL_DYNAMIC_CLEARANCE 20 29 46.6
ACTUAL_DYNAMIC_CLEARANCE 21 29 47.94
ACTUAL_DYNAMIC_CLEARANCE 22 29 49.35
ACTUAL_DYNAMIC_CLEARANCE 23 29 51.79
ACTUAL_DYNAMIC_CLEARANCE 24 29 53.21
ACTUAL_DYNAMIC_CLEARANCE 25 29 54.57
ACTUAL_DYNAMIC_CLEARANCE 26 29 57.71
ACTUAL_DYNAMIC_CLEARANCE 27 29 59.17
ACTUAL_DYNAMIC_CLEARANCE 28 29 60.57
ACTUAL_DYNAMIC_CLEARANCE 29 29 62.21
ACTUAL_DYNAMIC_CLEARANCE_SAVED
Blender 5.2.1 LTS (hash 9e2066aef7ef built 2026-08-25 02:38:20)

Blender quit
