'clear' não é reconhecido como um comando interno
ou externo, um programa operável ou um arquivo em lotes.
importing .addon
importing .ui
importing .simulation
importing .addon
importing .ui
importing .simulation
ACTUAL_XPBD_FRAME 2 29 9.52
ACTUAL_XPBD_FRAME 3 29 19.07
ACTUAL_XPBD_FRAME 4 29 28.92
ACTUAL_XPBD_FRAME 5 29 39.54
ACTUAL_XPBD_FRAME 6 29 50.85
ACTUAL_XPBD_FRAME 7 29 62.56
ACTUAL_XPBD_FRAME 8 29 74.73
ACTUAL_XPBD_FRAME 9 29 86.85
ACTUAL_XPBD_FRAME 10 29 99.61
ACTUAL_XPBD_FRAME 11 29 112.72
ACTUAL_XPBD_FRAME 12 29 126.46
ACTUAL_XPBD_FRAME 13 29 139.7
ACTUAL_XPBD_FRAME 14 29 153.22
ACTUAL_XPBD_FRAME 15 29 167.74
ACTUAL_XPBD_FRAME 16 29 182.15
ACTUAL_XPBD_FRAME 17 29 196.52
ACTUAL_XPBD_FRAME 18 29 209.84
ACTUAL_XPBD_FRAME 19 29 222.79
ACTUAL_XPBD_FRAME 20 29 235.73
ACTUAL_XPBD_FRAME 21 29 249.24
ACTUAL_XPBD_FRAME 22 29 262.72
ACTUAL_XPBD_FRAME 23 29 276.86
ACTUAL_XPBD_FRAME 24 29 290.48
ACTUAL_XPBD_FRAME 25 29 304.22
ACTUAL_XPBD_FRAME 26 29 317.1
ACTUAL_XPBD_FRAME 27 29 329.46
ACTUAL_XPBD_FRAME 28 29 341.62
ACTUAL_XPBD_FRAME 29 29 353.66
ACTUAL_XPBD_TRAJECTORY_SAVED 29
Blender 5.2.1 LTS (hash 9e2066aef7ef built 2026-08-25 02:38:20)

Blender quit
