'clear' não é reconhecido como um comando interno
ou externo, um programa operável ou um arquivo em lotes.
00:04.859  blend            | Read blend: "F:\Alice\Deliverables\Alice_Variants\alice_chapeleiro\foundation_shared_rig_v095\chapeleiro_shared_rig_bloomer_waist.blend"
importing .addon
importing .ui
importing .simulation
importing .addon
importing .ui
importing .simulation
Info: Read library: 'F:\Alice\Deliverables\Alice_Variants\alice_chapeleiro\foundation_shared_rig_v094\alice-vestido-chapeleiro.blend', '//..\foundation_shared_rig_v094\alice-vestido-chapeleiro.blend', parent '<direct>'
ACTUAL_DYNAMIC_CLEARANCE 1 29 6.16
ACTUAL_DYNAMIC_CLEARANCE 2 29 7.3
ACTUAL_DYNAMIC_CLEARANCE 3 29 8.45
ACTUAL_DYNAMIC_CLEARANCE 4 29 9.61
ACTUAL_DYNAMIC_CLEARANCE 5 29 10.85
ACTUAL_DYNAMIC_CLEARANCE 6 29 12.09
ACTUAL_DYNAMIC_CLEARANCE 7 29 13.28
ACTUAL_DYNAMIC_CLEARANCE 8 29 14.41
ACTUAL_DYNAMIC_CLEARANCE 9 29 15.58
ACTUAL_DYNAMIC_CLEARANCE 10 29 16.92
ACTUAL_DYNAMIC_CLEARANCE 11 29 18.22
ACTUAL_DYNAMIC_CLEARANCE 12 29 19.49
ACTUAL_DYNAMIC_CLEARANCE 13 29 20.8
ACTUAL_DYNAMIC_CLEARANCE 14 29 22.03
ACTUAL_DYNAMIC_CLEARANCE 15 29 23.23
ACTUAL_DYNAMIC_CLEARANCE 16 29 24.54
ACTUAL_DYNAMIC_CLEARANCE 17 29 25.72
ACTUAL_DYNAMIC_CLEARANCE 18 29 26.86
ACTUAL_DYNAMIC_CLEARANCE 19 29 28.0
ACTUAL_DYNAMIC_CLEARANCE 20 29 29.15
ACTUAL_DYNAMIC_CLEARANCE 21 29 30.29
ACTUAL_DYNAMIC_CLEARANCE 22 29 31.43
ACTUAL_DYNAMIC_CLEARANCE 23 29 32.66
ACTUAL_DYNAMIC_CLEARANCE 24 29 33.83
ACTUAL_DYNAMIC_CLEARANCE 25 29 34.98
ACTUAL_DYNAMIC_CLEARANCE 26 29 36.09
ACTUAL_DYNAMIC_CLEARANCE 27 29 37.26
ACTUAL_DYNAMIC_CLEARANCE 28 29 38.39
ACTUAL_DYNAMIC_CLEARANCE 29 29 39.69
ACTUAL_DYNAMIC_CLEARANCE_SAVED
Blender 5.2.1 LTS (hash 9e2066aef7ef built 2026-08-25 02:38:20)

Blender quit
