'clear' não é reconhecido como um comando interno
ou externo, um programa operável ou um arquivo em lotes.
00:05.750  blend            | Read blend: "F:\Alice\Deliverables\Alice_Variants\alice_chapeleiro\foundation_shared_rig_v094\chapeleiro_shared_rig_ivory_response.blend"
importing .addon
importing .ui
importing .simulation
importing .addon
importing .ui
importing .simulation
Info: Read library: 'F:\Alice\Deliverables\Alice_Variants\alice_chapeleiro\foundation_shared_rig_v094\alice-vestido-chapeleiro.blend', '//alice-vestido-chapeleiro.blend', parent '<direct>'
ACTUAL_MASS_CALIBRATION {"mode": "areal", "actualBlenderVersion": "5.2.1 LTS", "installedMassPropertyDescription": "The mass of each vertex on the cloth material", "massSemanticsPrimarySource": "https://github.com/blender/blender/blob/main/source/blender/blenkernel/intern/cloth.cc", "surfaceAreaSquareMeters": 0.4889281149069899, "vertices": 21504, "assumedArealDensityKgPerSquareMeter": 0.18, "densityIsProvisionalMaterialAssumption": true, "inheritedMassPerVertexKg": 0.11999999731779099, "inheritedTotalMassKg": 2580.4799423217773, "actualMassPerVertexKg": 4.092590188520262e-06, "actualTotalMassKg": 0.08800705941393971, "uniformVertexMassCannotRepresentDifferentLocalSamplingDensities": true, "parts": [{"key": "ivory", "areaSquareMeters": 0.1645550330300703, "allocatedUniqueSolverVertices": 7104, "sharedSeamMassAllocatedToSupport": true, "actualMassKg": 0.02907376069924794, "effectiveArealDensityKgPerSquareMeter": 0.17668107844465072}, {"key": "support", "areaSquareMeters": 0.24550889462648706, "allocatedUniqueSolverVertices": 7488, "sharedSeamMassAllocatedToSupport": true, "actualMassKg": 0.030645315331639722, "effectiveArealDensityKgPerSquareMeter": 0.12482364591418559}, {"key": "tier1", "areaSquareMeters": 0.027656606872002713, "allocatedUniqueSolverVertices": 2304, "sharedSeamMassAllocatedToSupport": true, "actualMassKg": 0.009429327794350684, "effectiveArealDensityKgPerSquareMeter": 0.3409430461947291}, {"key": "tier2", "areaSquareMeters": 0.028401712891252335, "allocatedUniqueSolverVertices": 2304, "sharedSeamMassAllocatedToSupport": true, "actualMassKg": 0.009429327794350684, "effectiveArealDensityKgPerSquareMeter": 0.33199856045495396}, {"key": "tier3", "areaSquareMeters": 0.02280586748717747, "allocatedUniqueSolverVertices": 2304, "sharedSeamMassAllocatedToSupport": true, "actualMassKg": 0.009429327794350684, "effectiveArealDensityKgPerSquareMeter": 0.4134606061204335}]}
ACTUAL_SEWN_CLOTH_FRAME 1 29 13.63
ACTUAL_SEWN_CLOTH_FRAME 2 29 21.99
ACTUAL_SEWN_CLOTH_FRAME 3 29 28.98
ACTUAL_SEWN_CLOTH_FRAME 4 29 34.64
ACTUAL_SEWN_CLOTH_FRAME 5 29 40.68
ACTUAL_SEWN_CLOTH_FRAME 6 29 49.92
ACTUAL_SEWN_CLOTH_FRAME 7 29 63.32
ACTUAL_SEWN_CLOTH_FRAME 8 29 71.67
ACTUAL_SEWN_CLOTH_FRAME 9 29 79.92
ACTUAL_SEWN_CLOTH_FRAME 10 29 90.82
ACTUAL_SEWN_CLOTH_FRAME 11 29 100.27
ACTUAL_SEWN_CLOTH_FRAME 12 29 112.12
ACTUAL_SEWN_CLOTH_FRAME 13 29 131.11
ACTUAL_SEWN_CLOTH_FRAME 14 29 141.96
ACTUAL_SEWN_CLOTH_FRAME 15 29 149.74
ACTUAL_SEWN_CLOTH_FRAME 16 29 157.02
ACTUAL_SEWN_CLOTH_FRAME 17 29 164.5
ACTUAL_SEWN_CLOTH_FRAME 18 29 171.97
ACTUAL_SEWN_CLOTH_FRAME 19 29 180.53
ACTUAL_SEWN_CLOTH_FRAME 20 29 190.23
ACTUAL_SEWN_CLOTH_FRAME 21 29 200.71
ACTUAL_SEWN_CLOTH_FRAME 22 29 211.32
ACTUAL_SEWN_CLOTH_FRAME 23 29 222.25
ACTUAL_SEWN_CLOTH_FRAME 24 29 233.34
ACTUAL_SEWN_CLOTH_FRAME 25 29 243.78
ACTUAL_SEWN_CLOTH_FRAME 26 29 254.07
ACTUAL_SEWN_CLOTH_FRAME 27 29 264.11
ACTUAL_SEWN_CLOTH_FRAME 28 29 274.71
ACTUAL_SEWN_CLOTH_FRAME 29 29 284.78
ACTUAL_SEWN_PETTICOATS_SAVED 29
Blender 5.2.1 LTS (hash 9e2066aef7ef built 2026-08-25 02:38:20)

Blender quit
