'clear' não é reconhecido como um comando interno
ou externo, um programa operável ou um arquivo em lotes.
00:04.750  blend            | Read blend: "F:\Alice\Deliverables\Alice_Variants\alice_chapeleiro\foundation_shared_rig_v095\chapeleiro_shared_rig_bloomer_waist.blend"
importing .addon
importing .ui
importing .simulation
importing .addon
importing .ui
importing .simulation
Info: Read library: 'F:\Alice\Deliverables\Alice_Variants\alice_chapeleiro\foundation_shared_rig_v094\alice-vestido-chapeleiro.blend', '//..\foundation_shared_rig_v094\alice-vestido-chapeleiro.blend', parent '<direct>'
ACTUAL_MASS_CALIBRATION {"mode": "areal", "actualBlenderVersion": "5.2.1 LTS", "installedMassPropertyDescription": "The mass of each vertex on the cloth material", "massSemanticsPrimarySource": "https://github.com/blender/blender/blob/main/source/blender/blenkernel/intern/cloth.cc", "surfaceAreaSquareMeters": 0.46804210619766884, "vertices": 9024, "assumedArealDensityKgPerSquareMeter": 0.18, "densityIsProvisionalMaterialAssumption": true, "inheritedMassPerVertexKg": 0.11999999731779099, "inheritedTotalMassKg": 1082.8799757957458, "actualMassPerVertexKg": 9.335945833299775e-06, "actualTotalMassKg": 0.08424757519969717, "uniformVertexMassCannotRepresentDifferentLocalSamplingDensities": true, "parts": [{"key": "ivory", "areaSquareMeters": 0.15803237539607018, "allocatedUniqueSolverVertices": 3552, "sharedSeamMassAllocatedToSupport": false, "actualMassKg": 0.0331612795998808, "effectiveArealDensityKgPerSquareMeter": 0.209838518953917}, {"key": "support", "areaSquareMeters": 0.23946756105142958, "allocatedUniqueSolverVertices": 3744, "sharedSeamMassAllocatedToSupport": false, "actualMassKg": 0.034953781199874356, "effectiveArealDensityKgPerSquareMeter": 0.1459645767735842}, {"key": "tier1", "areaSquareMeters": 0.022658550643882867, "allocatedUniqueSolverVertices": 576, "sharedSeamMassAllocatedToSupport": false, "actualMassKg": 0.00537750479998067, "effectiveArealDensityKgPerSquareMeter": 0.23732783638711843}, {"key": "tier2", "areaSquareMeters": 0.026654513051516993, "allocatedUniqueSolverVertices": 576, "sharedSeamMassAllocatedToSupport": false, "actualMassKg": 0.00537750479998067, "effectiveArealDensityKgPerSquareMeter": 0.20174837895508352}, {"key": "tier3", "areaSquareMeters": 0.02122910605476925, "allocatedUniqueSolverVertices": 576, "sharedSeamMassAllocatedToSupport": false, "actualMassKg": 0.00537750479998067, "effectiveArealDensityKgPerSquareMeter": 0.2533081132152798}]}
ACTUAL_SEWN_CLOTH_FRAME 1 29 10.43
ACTUAL_SEWN_CLOTH_FRAME 2 29 19.4
ACTUAL_SEWN_CLOTH_FRAME 3 29 28.73
ACTUAL_SEWN_CLOTH_FRAME 4 29 39.58
ACTUAL_SEWN_CLOTH_FRAME 5 29 48.91
ACTUAL_SEWN_CLOTH_FRAME 6 29 58.58
ACTUAL_SEWN_CLOTH_FRAME 7 29 66.17
ACTUAL_SEWN_CLOTH_FRAME 8 29 76.03
ACTUAL_SEWN_CLOTH_FRAME 9 29 94.22
ACTUAL_SEWN_CLOTH_FRAME 10 29 114.2
ACTUAL_SEWN_CLOTH_FRAME 11 29 132.37
ACTUAL_SEWN_CLOTH_FRAME 12 29 151.71
ACTUAL_SEWN_CLOTH_FRAME 13 29 169.26
ACTUAL_SEWN_CLOTH_FRAME 14 29 188.48
ACTUAL_SEWN_CLOTH_FRAME 15 29 207.6
ACTUAL_SEWN_CLOTH_FRAME 16 29 225.84
ACTUAL_SEWN_CLOTH_FRAME 17 29 253.26
ACTUAL_SEWN_CLOTH_FRAME 18 29 329.41
ACTUAL_SEWN_CLOTH_FRAME 19 29 386.49
ACTUAL_SEWN_CLOTH_FRAME 20 29 494.34
ACTUAL_SEWN_CLOTH_FRAME 21 29 655.39
