'clear' não é reconhecido como um comando interno
ou externo, um programa operável ou um arquivo em lotes.
00:05.735  blend            | Read blend: "F:\Alice\Deliverables\Alice_Variants\alice_chapeleiro\foundation_shared_rig_v095\chapeleiro_shared_rig_bloomer_waist.blend"
importing .addon
importing .ui
importing .simulation
importing .addon
importing .ui
importing .simulation
Info: Read library: 'F:\Alice\Deliverables\Alice_Variants\alice_chapeleiro\foundation_shared_rig_v094\alice-vestido-chapeleiro.blend', '//..\foundation_shared_rig_v094\alice-vestido-chapeleiro.blend', parent '<direct>'
ACTUAL_DYNAMIC_CLEARANCE 1 29 9.06
ACTUAL_DYNAMIC_CLEARANCE 2 29 10.92
ACTUAL_DYNAMIC_CLEARANCE 3 29 12.89
ACTUAL_DYNAMIC_CLEARANCE 4 29 14.44
ACTUAL_DYNAMIC_CLEARANCE 5 29 15.98
ACTUAL_DYNAMIC_CLEARANCE 6 29 17.55
ACTUAL_DYNAMIC_CLEARANCE 7 29 19.15
ACTUAL_DYNAMIC_CLEARANCE 8 29 20.86
ACTUAL_DYNAMIC_CLEARANCE 9 29 22.38
ACTUAL_DYNAMIC_CLEARANCE 10 29 24.04
ACTUAL_DYNAMIC_CLEARANCE 11 29 25.84
ACTUAL_DYNAMIC_CLEARANCE 12 29 27.5
ACTUAL_DYNAMIC_CLEARANCE 13 29 29.13
ACTUAL_DYNAMIC_CLEARANCE 14 29 30.73
ACTUAL_DYNAMIC_CLEARANCE 15 29 32.33
ACTUAL_DYNAMIC_CLEARANCE 16 29 33.89
ACTUAL_DYNAMIC_CLEARANCE 17 29 35.69
ACTUAL_DYNAMIC_CLEARANCE 18 29 37.2
ACTUAL_DYNAMIC_CLEARANCE 19 29 38.78
ACTUAL_DYNAMIC_CLEARANCE 20 29 40.59
ACTUAL_DYNAMIC_CLEARANCE 21 29 42.3
ACTUAL_DYNAMIC_CLEARANCE 22 29 44.45
ACTUAL_DYNAMIC_CLEARANCE 23 29 46.04
ACTUAL_DYNAMIC_CLEARANCE 24 29 47.69
ACTUAL_DYNAMIC_CLEARANCE 25 29 49.49
ACTUAL_DYNAMIC_CLEARANCE 26 29 51.21
ACTUAL_DYNAMIC_CLEARANCE 27 29 52.9
ACTUAL_DYNAMIC_CLEARANCE 28 29 54.42
ACTUAL_DYNAMIC_CLEARANCE 29 29 56.01
ACTUAL_DYNAMIC_CLEARANCE_SAVED
Blender 5.2.1 LTS (hash 9e2066aef7ef built 2026-08-25 02:38:20)

Blender quit
