'clear' não é reconhecido como um comando interno
ou externo, um programa operável ou um arquivo em lotes.
00:06.719  blend            | Read blend: "F:\Alice\Deliverables\Alice_Variants\alice_chapeleiro\foundation_shared_rig_v095\chapeleiro_shared_rig_bloomer_waist.blend"
importing .addon
importing .ui
importing .simulation
importing .addon
importing .ui
importing .simulation
Info: Read library: 'F:\Alice\Deliverables\Alice_Variants\alice_chapeleiro\foundation_shared_rig_v094\alice-vestido-chapeleiro.blend', '//..\foundation_shared_rig_v094\alice-vestido-chapeleiro.blend', parent '<direct>'
ACTUAL_DYNAMIC_CLEARANCE 1 29 8.01
ACTUAL_DYNAMIC_CLEARANCE 2 29 8.74
ACTUAL_DYNAMIC_CLEARANCE 3 29 9.79
ACTUAL_DYNAMIC_CLEARANCE 4 29 10.92
ACTUAL_DYNAMIC_CLEARANCE 5 29 11.76
ACTUAL_DYNAMIC_CLEARANCE 6 29 12.83
ACTUAL_DYNAMIC_CLEARANCE 7 29 14.01
ACTUAL_DYNAMIC_CLEARANCE 8 29 15.24
ACTUAL_DYNAMIC_CLEARANCE 9 29 16.33
ACTUAL_DYNAMIC_CLEARANCE 10 29 17.53
ACTUAL_DYNAMIC_CLEARANCE 11 29 18.57
ACTUAL_DYNAMIC_CLEARANCE 12 29 19.69
ACTUAL_DYNAMIC_CLEARANCE 13 29 21.06
ACTUAL_DYNAMIC_CLEARANCE 14 29 22.17
ACTUAL_DYNAMIC_CLEARANCE 15 29 23.31
ACTUAL_DYNAMIC_CLEARANCE 16 29 24.11
ACTUAL_DYNAMIC_CLEARANCE 17 29 25.2
ACTUAL_DYNAMIC_CLEARANCE 18 29 26.48
ACTUAL_DYNAMIC_CLEARANCE 19 29 28.45
ACTUAL_DYNAMIC_CLEARANCE 20 29 29.49
ACTUAL_DYNAMIC_CLEARANCE 21 29 30.59
ACTUAL_DYNAMIC_CLEARANCE 22 29 31.82
ACTUAL_DYNAMIC_CLEARANCE 23 29 32.81
ACTUAL_DYNAMIC_CLEARANCE 24 29 33.55
ACTUAL_DYNAMIC_CLEARANCE 25 29 34.28
ACTUAL_DYNAMIC_CLEARANCE 26 29 35.01
ACTUAL_DYNAMIC_CLEARANCE 27 29 36.0
ACTUAL_DYNAMIC_CLEARANCE 28 29 37.0
ACTUAL_DYNAMIC_CLEARANCE 29 29 37.82
ACTUAL_DYNAMIC_CLEARANCE_SAVED
Blender 5.2.1 LTS (hash 9e2066aef7ef built 2026-08-25 02:38:20)

Blender quit
