'clear' não é reconhecido como um comando interno
ou externo, um programa operável ou um arquivo em lotes.
importing .addon
importing .ui
importing .simulation
importing .addon
importing .ui
importing .simulation
ACTUAL_XPBD_FRAME 2 29 20.39
ACTUAL_XPBD_FRAME 3 29 41.59
ACTUAL_XPBD_FRAME 4 29 64.35
ACTUAL_XPBD_FRAME 5 29 88.67
ACTUAL_XPBD_FRAME 6 29 115.64
ACTUAL_XPBD_FRAME 7 29 144.81
ACTUAL_XPBD_FRAME 8 29 176.69
ACTUAL_XPBD_FRAME 9 29 211.08
ACTUAL_XPBD_FRAME 10 29 249.23
ACTUAL_XPBD_FRAME 11 29 289.01
ACTUAL_XPBD_FRAME 12 29 329.54
ACTUAL_XPBD_FRAME 13 29 370.53
ACTUAL_XPBD_FRAME 14 29 410.57
ACTUAL_XPBD_FRAME 15 29 450.86
ACTUAL_XPBD_FRAME 16 29 496.02
ACTUAL_XPBD_FRAME 17 29 537.42
ACTUAL_XPBD_FRAME 18 29 577.02
ACTUAL_XPBD_FRAME 19 29 612.94
ACTUAL_XPBD_FRAME 20 29 647.48
ACTUAL_XPBD_FRAME 21 29 685.82
ACTUAL_XPBD_FRAME 22 29 727.07
ACTUAL_XPBD_FRAME 23 29 768.88
ACTUAL_XPBD_FRAME 24 29 814.77
ACTUAL_XPBD_FRAME 25 29 857.99
ACTUAL_XPBD_FRAME 26 29 900.05
ACTUAL_XPBD_FRAME 27 29 940.12
ACTUAL_XPBD_FRAME 28 29 985.26
ACTUAL_XPBD_FRAME 29 29 1039.48
ACTUAL_XPBD_TRAJECTORY_SAVED 29
Blender 5.2.1 LTS (hash 9e2066aef7ef built 2026-08-25 02:38:20)

Blender quit
