'clear' não é reconhecido como um comando interno
ou externo, um programa operável ou um arquivo em lotes.
00:05.047  blend            | Read blend: "F:\Alice\Deliverables\Alice_Variants\alice_chapeleiro\foundation_shared_rig_v094\chapeleiro_shared_rig_ivory_response.blend"
importing .addon
importing .ui
importing .simulation
importing .addon
importing .ui
importing .simulation
Info: Read library: 'F:\Alice\Deliverables\Alice_Variants\alice_chapeleiro\foundation_shared_rig_v094\alice-vestido-chapeleiro.blend', '//alice-vestido-chapeleiro.blend', parent '<direct>'
ACTUAL_DYNAMIC_CLEARANCE 1 29 9.33
ACTUAL_DYNAMIC_CLEARANCE 2 29 10.98
ACTUAL_DYNAMIC_CLEARANCE 3 29 12.24
ACTUAL_DYNAMIC_CLEARANCE 4 29 13.44
ACTUAL_DYNAMIC_CLEARANCE 5 29 14.68
ACTUAL_DYNAMIC_CLEARANCE 6 29 15.86
ACTUAL_DYNAMIC_CLEARANCE 7 29 16.92
ACTUAL_DYNAMIC_CLEARANCE 8 29 18.03
ACTUAL_DYNAMIC_CLEARANCE 9 29 19.34
ACTUAL_DYNAMIC_CLEARANCE 10 29 20.98
ACTUAL_DYNAMIC_CLEARANCE 11 29 22.7
ACTUAL_DYNAMIC_CLEARANCE 12 29 24.27
ACTUAL_DYNAMIC_CLEARANCE 13 29 25.9
ACTUAL_DYNAMIC_CLEARANCE 14 29 27.67
ACTUAL_DYNAMIC_CLEARANCE 15 29 29.33
ACTUAL_DYNAMIC_CLEARANCE 16 29 30.85
ACTUAL_DYNAMIC_CLEARANCE 17 29 32.34
ACTUAL_DYNAMIC_CLEARANCE 18 29 33.84
ACTUAL_DYNAMIC_CLEARANCE 19 29 35.24
ACTUAL_DYNAMIC_CLEARANCE 20 29 36.6
ACTUAL_DYNAMIC_CLEARANCE 21 29 37.98
ACTUAL_DYNAMIC_CLEARANCE 22 29 39.52
ACTUAL_DYNAMIC_CLEARANCE 23 29 41.06
ACTUAL_DYNAMIC_CLEARANCE 24 29 42.42
ACTUAL_DYNAMIC_CLEARANCE 25 29 43.7
ACTUAL_DYNAMIC_CLEARANCE 26 29 45.2
ACTUAL_DYNAMIC_CLEARANCE 27 29 46.62
ACTUAL_DYNAMIC_CLEARANCE 28 29 47.82
ACTUAL_DYNAMIC_CLEARANCE 29 29 48.99
ACTUAL_DYNAMIC_CLEARANCE_SAVED
Blender 5.2.1 LTS (hash 9e2066aef7ef built 2026-08-25 02:38:20)

Blender quit
