'clear' não é reconhecido como um comando interno
ou externo, um programa operável ou um arquivo em lotes.
00:07.156  blend            | Read blend: "F:\Alice\Deliverables\Alice_Variants\alice_chapeleiro\foundation_shared_rig_v094\chapeleiro_shared_rig_ivory_response.blend"
importing .addon
importing .ui
importing .simulation
importing .addon
importing .ui
importing .simulation
Info: Read library: 'F:\Alice\Deliverables\Alice_Variants\alice_chapeleiro\foundation_shared_rig_v094\alice-vestido-chapeleiro.blend', '//alice-vestido-chapeleiro.blend', parent '<direct>'
ACTUAL_DYNAMIC_CLEARANCE 1 29 10.58
ACTUAL_DYNAMIC_CLEARANCE 2 29 11.52
ACTUAL_DYNAMIC_CLEARANCE 3 29 12.54
ACTUAL_DYNAMIC_CLEARANCE 4 29 14.04
ACTUAL_DYNAMIC_CLEARANCE 5 29 14.85
ACTUAL_DYNAMIC_CLEARANCE 6 29 15.67
ACTUAL_DYNAMIC_CLEARANCE 7 29 16.59
ACTUAL_DYNAMIC_CLEARANCE 8 29 17.61
ACTUAL_DYNAMIC_CLEARANCE 9 29 18.5
ACTUAL_DYNAMIC_CLEARANCE 10 29 19.12
ACTUAL_DYNAMIC_CLEARANCE 11 29 19.83
ACTUAL_DYNAMIC_CLEARANCE 12 29 20.62
ACTUAL_DYNAMIC_CLEARANCE 13 29 21.55
ACTUAL_DYNAMIC_CLEARANCE 14 29 22.42
ACTUAL_DYNAMIC_CLEARANCE 15 29 23.18
ACTUAL_DYNAMIC_CLEARANCE 16 29 23.91
ACTUAL_DYNAMIC_CLEARANCE 17 29 24.61
ACTUAL_DYNAMIC_CLEARANCE 18 29 25.33
ACTUAL_DYNAMIC_CLEARANCE 19 29 26.06
ACTUAL_DYNAMIC_CLEARANCE 20 29 26.92
ACTUAL_DYNAMIC_CLEARANCE 21 29 27.67
ACTUAL_DYNAMIC_CLEARANCE 22 29 28.48
ACTUAL_DYNAMIC_CLEARANCE 23 29 29.24
ACTUAL_DYNAMIC_CLEARANCE 24 29 30.0
ACTUAL_DYNAMIC_CLEARANCE 25 29 30.64
ACTUAL_DYNAMIC_CLEARANCE 26 29 31.25
ACTUAL_DYNAMIC_CLEARANCE 27 29 31.89
ACTUAL_DYNAMIC_CLEARANCE 28 29 32.48
ACTUAL_DYNAMIC_CLEARANCE 29 29 33.12
ACTUAL_DYNAMIC_CLEARANCE_SAVED
Blender 5.2.1 LTS (hash 9e2066aef7ef built 2026-08-25 02:38:20)

Blender quit
