'clear' não é reconhecido como um comando interno
ou externo, um programa operável ou um arquivo em lotes.
00:04.047  blend            | Read blend: "F:\Alice\Deliverables\Alice_Variants\alice_chapeleiro\foundation_shared_rig_v095\chapeleiro_shared_rig_bloomer_waist.blend"
importing .addon
importing .ui
importing .simulation
importing .addon
importing .ui
importing .simulation
Info: Read library: 'F:\Alice\Deliverables\Alice_Variants\alice_chapeleiro\foundation_shared_rig_v094\alice-vestido-chapeleiro.blend', '//..\foundation_shared_rig_v094\alice-vestido-chapeleiro.blend', parent '<direct>'
ACTUAL_MASS_CALIBRATION {"mode": "explicit_solver_control", "explicitSolverControlIsNotMeasuredPhysicalMaterialMass": true, "requestedMassPerVertex": 0.001, "actualBlenderVersion": "5.2.1 LTS", "installedMassPropertyDescription": "The mass of each vertex on the cloth material", "massSemanticsPrimarySource": "https://github.com/blender/blender/blob/main/source/blender/blenkernel/intern/cloth.cc", "surfaceAreaSquareMeters": 0.46804210619766884, "vertices": 9024, "assumedArealDensityKgPerSquareMeter": 0.18, "densityIsProvisionalMaterialAssumption": true, "inheritedMassPerVertexKg": 0.11999999731779099, "inheritedTotalMassKg": 1082.8799757957458, "actualMassPerVertexKg": 0.0010000000474974513, "actualTotalMassKg": 9.024000428617, "uniformVertexMassCannotRepresentDifferentLocalSamplingDensities": true, "parts": [{"key": "ivory", "areaSquareMeters": 0.15803237539607018, "allocatedUniqueSolverVertices": 3552, "sharedSeamMassAllocatedToSupport": false, "actualMassKg": 3.552000168710947, "effectiveArealDensityKgPerSquareMeter": 22.476408139842942}, {"key": "support", "areaSquareMeters": 0.23946756105142958, "allocatedUniqueSolverVertices": 3744, "sharedSeamMassAllocatedToSupport": false, "actualMassKg": 3.7440001778304577, "effectiveArealDensityKgPerSquareMeter": 15.634686223852977}, {"key": "tier1", "areaSquareMeters": 0.022658550643882867, "allocatedUniqueSolverVertices": 576, "sharedSeamMassAllocatedToSupport": false, "actualMassKg": 0.576000027358532, "effectiveArealDensityKgPerSquareMeter": 25.420868104555257}, {"key": "tier2", "areaSquareMeters": 0.026654513051516993, "allocatedUniqueSolverVertices": 576, "sharedSeamMassAllocatedToSupport": false, "actualMassKg": 0.576000027358532, "effectiveArealDensityKgPerSquareMeter": 21.609849943432}, {"key": "tier3", "areaSquareMeters": 0.02122910605476925, "allocatedUniqueSolverVertices": 576, "sharedSeamMassAllocatedToSupport": false, "actualMassKg": 0.576000027358532, "effectiveArealDensityKgPerSquareMeter": 27.132561581844374}]}
ACTUAL_SEWN_CLOTH_FRAME 1 29 8.14
ACTUAL_SEWN_CLOTH_FRAME 2 29 9.85
ACTUAL_SEWN_CLOTH_FRAME 3 29 11.75
ACTUAL_SEWN_CLOTH_FRAME 4 29 13.67
ACTUAL_SEWN_CLOTH_FRAME 5 29 15.87
ACTUAL_SEWN_CLOTH_FRAME 6 29 17.76
ACTUAL_SEWN_CLOTH_FRAME 7 29 19.51
ACTUAL_SEWN_CLOTH_FRAME 8 29 21.59
ACTUAL_SEWN_CLOTH_FRAME 9 29 23.43
ACTUAL_SEWN_CLOTH_FRAME 10 29 25.84
ACTUAL_SEWN_CLOTH_FRAME 11 29 28.53
ACTUAL_SEWN_CLOTH_FRAME 12 29 31.63
ACTUAL_SEWN_CLOTH_FRAME 13 29 34.5
ACTUAL_SEWN_CLOTH_FRAME 14 29 37.72
ACTUAL_SEWN_CLOTH_FRAME 15 29 41.18
ACTUAL_SEWN_CLOTH_FRAME 16 29 45.29
ACTUAL_SEWN_CLOTH_FRAME 17 29 50.05
ACTUAL_SEWN_CLOTH_FRAME 18 29 55.31
ACTUAL_SEWN_CLOTH_FRAME 19 29 60.58
ACTUAL_SEWN_CLOTH_FRAME 20 29 67.55
ACTUAL_SEWN_CLOTH_FRAME 21 29 75.72
ACTUAL_SEWN_CLOTH_FRAME 22 29 81.91
ACTUAL_SEWN_CLOTH_FRAME 23 29 88.75
ACTUAL_SEWN_CLOTH_FRAME 24 29 95.59
ACTUAL_SEWN_CLOTH_FRAME 25 29 102.82
ACTUAL_SEWN_CLOTH_FRAME 26 29 109.97
ACTUAL_SEWN_CLOTH_FRAME 27 29 118.54
ACTUAL_SEWN_CLOTH_FRAME 28 29 126.73
ACTUAL_SEWN_CLOTH_FRAME 29 29 135.8
ACTUAL_SEWN_PETTICOATS_SAVED 29
Blender 5.2.1 LTS (hash 9e2066aef7ef built 2026-08-25 02:38:20)

Blender quit
