'clear' não é reconhecido como um comando interno
ou externo, um programa operável ou um arquivo em lotes.
importing .addon
importing .ui
importing .simulation
importing .addon
importing .ui
importing .simulation
ACTUAL_XPBD_FRAME 2 29 17.8
ACTUAL_XPBD_FRAME 3 29 35.82
ACTUAL_XPBD_FRAME 4 29 55.22
ACTUAL_XPBD_FRAME 5 29 77.34
ACTUAL_XPBD_FRAME 6 29 103.77
ACTUAL_XPBD_FRAME 7 29 133.09
ACTUAL_XPBD_FRAME 8 29 168.83
ACTUAL_XPBD_FRAME 9 29 216.01
ACTUAL_XPBD_FRAME 10 29 261.3
ACTUAL_XPBD_FRAME 11 29 309.83
ACTUAL_XPBD_FRAME 12 29 359.81
ACTUAL_XPBD_FRAME 13 29 409.68
ACTUAL_XPBD_FRAME 14 29 470.01
ACTUAL_XPBD_FRAME 15 29 548.39
ACTUAL_XPBD_FRAME 16 29 684.67
ACTUAL_XPBD_FRAME 17 29 750.3
ACTUAL_XPBD_FRAME 18 29 802.39
ACTUAL_XPBD_FRAME 19 29 853.27
ACTUAL_XPBD_FRAME 20 29 898.15
ACTUAL_XPBD_FRAME 21 29 949.46
ACTUAL_XPBD_FRAME 22 29 1033.12
ACTUAL_XPBD_FRAME 23 29 1105.39
ACTUAL_XPBD_FRAME 24 29 1182.99
ACTUAL_XPBD_FRAME 25 29 1253.66
ACTUAL_XPBD_FRAME 26 29 1320.66
ACTUAL_XPBD_FRAME 27 29 1387.96
ACTUAL_XPBD_FRAME 28 29 1455.11
ACTUAL_XPBD_FRAME 29 29 1518.7
ACTUAL_XPBD_TRAJECTORY_SAVED 29
Blender 5.2.1 LTS (hash 9e2066aef7ef built 2026-08-25 02:38:20)

Blender quit
