'clear' não é reconhecido como um comando interno
ou externo, um programa operável ou um arquivo em lotes.
00:07.468  blend            | Read blend: "F:\Alice\Deliverables\Alice_Variants\alice_chapeleiro\foundation_shared_rig_v095\chapeleiro_shared_rig_bloomer_waist.blend"
importing .addon
importing .ui
importing .simulation
importing .addon
importing .ui
importing .simulation
Info: Read library: 'F:\Alice\Deliverables\Alice_Variants\alice_chapeleiro\foundation_shared_rig_v094\alice-vestido-chapeleiro.blend', '//..\foundation_shared_rig_v094\alice-vestido-chapeleiro.blend', parent '<direct>'
ACTUAL_DYNAMIC_CLEARANCE 1 29 11.72
ACTUAL_DYNAMIC_CLEARANCE 2 29 14.03
ACTUAL_DYNAMIC_CLEARANCE 3 29 16.58
ACTUAL_DYNAMIC_CLEARANCE 4 29 19.25
ACTUAL_DYNAMIC_CLEARANCE 5 29 22.48
ACTUAL_DYNAMIC_CLEARANCE 6 29 25.68
ACTUAL_DYNAMIC_CLEARANCE 7 29 29.06
ACTUAL_DYNAMIC_CLEARANCE 8 29 33.87
ACTUAL_DYNAMIC_CLEARANCE 9 29 39.18
ACTUAL_DYNAMIC_CLEARANCE 10 29 43.71
ACTUAL_DYNAMIC_CLEARANCE 11 29 46.87
ACTUAL_DYNAMIC_CLEARANCE 12 29 50.07
ACTUAL_DYNAMIC_CLEARANCE 13 29 51.89
ACTUAL_DYNAMIC_CLEARANCE 14 29 54.26
ACTUAL_DYNAMIC_CLEARANCE 15 29 56.32
ACTUAL_DYNAMIC_CLEARANCE 16 29 58.25
ACTUAL_DYNAMIC_CLEARANCE 17 29 59.84
ACTUAL_DYNAMIC_CLEARANCE 18 29 61.69
ACTUAL_DYNAMIC_CLEARANCE 19 29 64.22
ACTUAL_DYNAMIC_CLEARANCE 20 29 66.61
ACTUAL_DYNAMIC_CLEARANCE 21 29 69.02
ACTUAL_DYNAMIC_CLEARANCE 22 29 71.22
ACTUAL_DYNAMIC_CLEARANCE 23 29 73.79
ACTUAL_DYNAMIC_CLEARANCE 24 29 75.59
ACTUAL_DYNAMIC_CLEARANCE 25 29 77.77
ACTUAL_DYNAMIC_CLEARANCE 26 29 80.11
ACTUAL_DYNAMIC_CLEARANCE 27 29 81.82
ACTUAL_DYNAMIC_CLEARANCE 28 29 83.31
ACTUAL_DYNAMIC_CLEARANCE 29 29 84.79
ACTUAL_DYNAMIC_CLEARANCE_SAVED
Blender 5.2.1 LTS (hash 9e2066aef7ef built 2026-08-25 02:38:20)

Blender quit
