'clear' não é reconhecido como um comando interno
ou externo, um programa operável ou um arquivo em lotes.
00:04.766  blend            | Read blend: "F:\Alice\Deliverables\Alice_Variants\alice_chapeleiro\foundation_shared_rig_v095\chapeleiro_shared_rig_bloomer_waist.blend"
importing .addon
importing .ui
importing .simulation
importing .addon
importing .ui
importing .simulation
Info: Read library: 'F:\Alice\Deliverables\Alice_Variants\alice_chapeleiro\foundation_shared_rig_v094\alice-vestido-chapeleiro.blend', '//..\foundation_shared_rig_v094\alice-vestido-chapeleiro.blend', parent '<direct>'
ACTUAL_SURFACE_DEFORM_TRANSFER 1 29
ACTUAL_SURFACE_DEFORM_TRANSFER 2 29
ACTUAL_SURFACE_DEFORM_TRANSFER 3 29
ACTUAL_SURFACE_DEFORM_TRANSFER 4 29
ACTUAL_SURFACE_DEFORM_TRANSFER 5 29
ACTUAL_SURFACE_DEFORM_TRANSFER 6 29
ACTUAL_SURFACE_DEFORM_TRANSFER 7 29
ACTUAL_SURFACE_DEFORM_TRANSFER 8 29
ACTUAL_SURFACE_DEFORM_TRANSFER 9 29
ACTUAL_SURFACE_DEFORM_TRANSFER 10 29
ACTUAL_SURFACE_DEFORM_TRANSFER 11 29
ACTUAL_SURFACE_DEFORM_TRANSFER 12 29
ACTUAL_SURFACE_DEFORM_TRANSFER 13 29
ACTUAL_SURFACE_DEFORM_TRANSFER 14 29
ACTUAL_SURFACE_DEFORM_TRANSFER 15 29
ACTUAL_SURFACE_DEFORM_TRANSFER 16 29
ACTUAL_SURFACE_DEFORM_TRANSFER 17 29
ACTUAL_SURFACE_DEFORM_TRANSFER 18 29
ACTUAL_SURFACE_DEFORM_TRANSFER 19 29
ACTUAL_SURFACE_DEFORM_TRANSFER 20 29
ACTUAL_SURFACE_DEFORM_TRANSFER 21 29
ACTUAL_SURFACE_DEFORM_TRANSFER 22 29
ACTUAL_SURFACE_DEFORM_TRANSFER 23 29
ACTUAL_SURFACE_DEFORM_TRANSFER 24 29
ACTUAL_SURFACE_DEFORM_TRANSFER 25 29
ACTUAL_SURFACE_DEFORM_TRANSFER 26 29
ACTUAL_SURFACE_DEFORM_TRANSFER 27 29
ACTUAL_SURFACE_DEFORM_TRANSFER 28 29
ACTUAL_SURFACE_DEFORM_TRANSFER 29 29
ACTUAL_SURFACE_DEFORM_DETAIL_SAVED 29
Blender 5.2.1 LTS (hash 9e2066aef7ef built 2026-08-25 02:38:20)

Blender quit
